Archive member included to satisfy reference by file (symbol)

.\CortexM0\ARM_GCC_541\Debug\VNH7040-and.a(LED.o)
                              .\CortexM0\ARM_GCC_541\Debug\State_machine.o (LED_Write)
.\CortexM0\ARM_GCC_541\Debug\VNH7040-and.a(CyLib.o)
                              .\CortexM0\ARM_GCC_541\Debug\cyfitter_cfg.o (CySysClkWriteImoFreq)
.\CortexM0\ARM_GCC_541\Debug\VNH7040-and.a(CyLFClk.o)
                              .\CortexM0\ARM_GCC_541\Debug\cyfitter_cfg.o (CySysWdtIsr)
.\CortexM0\ARM_GCC_541\Debug\VNH7040-and.a(UART.o)
                              .\CortexM0\ARM_GCC_541\Debug\State_machine.o (UART_Start)
.\CortexM0\ARM_GCC_541\Debug\VNH7040-and.a(UART_SPI_UART.o)
                              .\CortexM0\ARM_GCC_541\Debug\State_machine.o (UART_SpiUartWriteTxData)
.\CortexM0\ARM_GCC_541\Debug\VNH7040-and.a(UART_UART.o)
                              .\CortexM0\ARM_GCC_541\Debug\VNH7040-and.a(UART.o) (UART_UartInit)
.\CortexM0\ARM_GCC_541\Debug\VNH7040-and.a(QuadDec.o)
                              .\CortexM0\ARM_GCC_541\Debug\State_machine.o (QuadDec_WriteCounter)
.\CortexM0\ARM_GCC_541\Debug\VNH7040-and.a(PWM.o)
                              .\CortexM0\ARM_GCC_541\Debug\State_machine.o (PWM_WritePeriod)
.\CortexM0\ARM_GCC_541\Debug\VNH7040-and.a(Speed.o)
                              .\CortexM0\ARM_GCC_541\Debug\State_machine.o (Speed_Start)
.\CortexM0\ARM_GCC_541\Debug\VNH7040-and.a(Clock_2.o)
                              .\CortexM0\ARM_GCC_541\Debug\State_machine.o (Clock_2_Start)
.\CortexM0\ARM_GCC_541\Debug\VNH7040-and.a(FECH.o)
                              .\CortexM0\ARM_GCC_541\Debug\State_machine.o (FECH_WritePeriod)
.\CortexM0\ARM_GCC_541\Debug\VNH7040-and.a(isr_fech.o)
                              .\CortexM0\ARM_GCC_541\Debug\State_machine.o (isr_fech_StartEx)
.\CortexM0\ARM_GCC_541\Debug\VNH7040-and.a(DI_Fdg.o)
                              .\CortexM0\ARM_GCC_541\Debug\State_machine.o (DI_Fdg_Read)
.\CortexM0\ARM_GCC_541\Debug\VNH7040-and.a(DI_Fdd.o)
                              .\CortexM0\ARM_GCC_541\Debug\State_machine.o (DI_Fdd_Read)
.\CortexM0\ARM_GCC_541\Debug\VNH7040-and.a(DI_ATU.o)
                              .\CortexM0\ARM_GCC_541\Debug\State_machine.o (DI_ATU_Read)
.\CortexM0\ARM_GCC_541\Debug\VNH7040-and.a(Stat_dir.o)
                              .\CortexM0\ARM_GCC_541\Debug\main.o (Stat_dir_Read)
.\CortexM0\ARM_GCC_541\Debug\VNH7040-and.a(IN2_L298.o)
                              .\CortexM0\ARM_GCC_541\Debug\main.o (IN2_L298_Write)
.\CortexM0\ARM_GCC_541\Debug\VNH7040-and.a(IN1_L298.o)
                              .\CortexM0\ARM_GCC_541\Debug\main.o (IN1_L298_Write)
.\CortexM0\ARM_GCC_541\Debug\VNH7040-and.a(CyBootAsmGnu.o)
                              .\CortexM0\ARM_GCC_541\Debug\VNH7040-and.a(CyLib.o) (CyDelayCycles)
.\CortexM0\ARM_GCC_541\Debug\VNH7040-and.a(UART_SPI_UART_INT.o)
                              .\CortexM0\ARM_GCC_541\Debug\VNH7040-and.a(UART_UART.o) (UART_SPI_UART_ISR)
c:/program files (x86)/cypress/psoc creator/4.4/psoc creator/import/gnu/arm/5.4.1/bin/../lib/gcc/arm-none-eabi/5.4.1/armv6-m\libgcc.a(_udivsi3.o)
                              .\CortexM0\ARM_GCC_541\Debug\main.o (__aeabi_uidiv)
c:/program files (x86)/cypress/psoc creator/4.4/psoc creator/import/gnu/arm/5.4.1/bin/../lib/gcc/arm-none-eabi/5.4.1/armv6-m\libgcc.a(_divsi3.o)
                              .\CortexM0\ARM_GCC_541\Debug\main.o (__aeabi_idiv)
c:/program files (x86)/cypress/psoc creator/4.4/psoc creator/import/gnu/arm/5.4.1/bin/../lib/gcc/arm-none-eabi/5.4.1/armv6-m\libgcc.a(_dvmd_tls.o)
                              c:/program files (x86)/cypress/psoc creator/4.4/psoc creator/import/gnu/arm/5.4.1/bin/../lib/gcc/arm-none-eabi/5.4.1/armv6-m\libgcc.a(_udivsi3.o) (__aeabi_idiv0)
c:/program files (x86)/cypress/psoc creator/4.4/psoc creator/import/gnu/arm/5.4.1/bin/../lib/gcc/arm-none-eabi/5.4.1/armv6-m\libgcc.a(addsf3.o)
                              .\CortexM0\ARM_GCC_541\Debug\State_machine.o (__aeabi_fadd)
c:/program files (x86)/cypress/psoc creator/4.4/psoc creator/import/gnu/arm/5.4.1/bin/../lib/gcc/arm-none-eabi/5.4.1/armv6-m\libgcc.a(divsf3.o)
                              .\CortexM0\ARM_GCC_541\Debug\State_machine.o (__aeabi_fdiv)
c:/program files (x86)/cypress/psoc creator/4.4/psoc creator/import/gnu/arm/5.4.1/bin/../lib/gcc/arm-none-eabi/5.4.1/armv6-m\libgcc.a(mulsf3.o)
                              .\CortexM0\ARM_GCC_541\Debug\State_machine.o (__aeabi_fmul)
c:/program files (x86)/cypress/psoc creator/4.4/psoc creator/import/gnu/arm/5.4.1/bin/../lib/gcc/arm-none-eabi/5.4.1/armv6-m\libgcc.a(subsf3.o)
                              .\CortexM0\ARM_GCC_541\Debug\State_machine.o (__aeabi_fsub)
c:/program files (x86)/cypress/psoc creator/4.4/psoc creator/import/gnu/arm/5.4.1/bin/../lib/gcc/arm-none-eabi/5.4.1/armv6-m\libgcc.a(fixsfsi.o)
[...]
Memory Configuration

Name             Origin             Length             Attributes
rom              0x00000000         0x00008000         xr
ram              0x20000000         0x00001000         xrw
*default*        0x00000000         0xffffffff

Linker script and memory map

LOAD c:/program files (x86)/cypress/psoc creator/4.4/psoc creator/import/gnu/arm/5.4.1/bin/../lib/gcc/arm-none-eabi/5.4.1/armv6-m/crti.o
LOAD c:/program files (x86)/cypress/psoc creator/4.4/psoc creator/import/gnu/arm/5.4.1/bin/../lib/gcc/arm-none-eabi/5.4.1/armv6-m/crtbegin.o
LOAD c:/program files (x86)/cypress/psoc creator/4.4/psoc creator/import/gnu/arm/5.4.1/bin/../lib/gcc/arm-none-eabi/5.4.1/../../../../arm-none-eabi/lib/armv6-m/crt0.o
START GROUP
LOAD .\CortexM0\ARM_GCC_541\Debug\main.o
LOAD .\CortexM0\ARM_GCC_541\Debug\UART_XG.o
LOAD .\CortexM0\ARM_GCC_541\Debug\State_machine.o
LOAD .\CortexM0\ARM_GCC_541\Debug\cyfitter_cfg.o
LOAD .\CortexM0\ARM_GCC_541\Debug\cymetadata.o
LOAD .\CortexM0\ARM_GCC_541\Debug\Cm0Start.o
LOAD .\CortexM0\ARM_GCC_541\Debug\VNH7040-and.a
END GROUP
START GROUP
LOAD c:/program files (x86)/cypress/psoc creator/4.4/psoc creator/import/gnu/arm/5.4.1/bin/../lib/gcc/arm-none-eabi/5.4.1/armv6-m\libgcc.a
LOAD c:/program files (x86)/cypress/psoc creator/4.4/psoc creator/import/gnu/arm/5.4.1/bin/../lib/gcc/arm-none-eabi/5.4.1/../../../../arm-none-eabi/lib/armv6-m\libg_nano.a
LOAD c:/program files (x86)/cypress/psoc creator/4.4/psoc creator/import/gnu/arm/5.4.1/bin/../lib/gcc/arm-none-eabi/5.4.1/../../../../arm-none-eabi/lib/armv6-m\libc_nano.a
END GROUP
START GROUP
LOAD c:/program files (x86)/cypress/psoc creator/4.4/psoc creator/import/gnu/arm/5.4.1/bin/../lib/gcc/arm-none-eabi/5.4.1/armv6-m\libgcc.a
LOAD c:/program files (x86)/cypress/psoc creator/4.4/psoc creator/import/gnu/arm/5.4.1/bin/../lib/gcc/arm-none-eabi/5.4.1/../../../../arm-none-eabi/lib/armv6-m\libc_nano.a
END GROUP
LOAD c:/program files (x86)/cypress/psoc creator/4.4/psoc creator/import/gnu/arm/5.4.1/bin/../lib/gcc/arm-none-eabi/5.4.1/armv6-m/crtend.o
LOAD c:/program files (x86)/cypress/psoc creator/4.4/psoc creator/import/gnu/arm/5.4.1/bin/../lib/gcc/arm-none-eabi/5.4.1/armv6-m/crtn.o
START GROUP
LOAD c:/program files (x86)/cypress/psoc creator/4.4/psoc creator/import/gnu/arm/5.4.1/bin/../lib/gcc/arm-none-eabi/5.4.1/armv6-m\libgcc.a
LOAD c:/program files (x86)/cypress/psoc creator/4.4/psoc creator/import/gnu/arm/5.4.1/bin/../lib/gcc/arm-none-eabi/5.4.1/../../../../arm-none-eabi/lib/armv6-m\libc.a
LOAD c:/program files (x86)/cypress/psoc creator/4.4/psoc creator/import/gnu/arm/5.4.1/bin/../lib/gcc/arm-none-eabi/5.4.1/../../../../arm-none-eabi/lib/armv6-m\libnosys.a
END GROUP
                0x00000000                CY_APPL_ORIGIN = 0x0
                0x00000080                CY_FLASH_ROW_SIZE = 0x80
                0x00000001                CY_APPL_NUM = 0x1
                0x00000001                CY_APPL_MAX = 0x1
                0x00000040                CY_METADATA_SIZE = 0x40
                0x00000000                CY_APPL_LOADABLE = 0x0
                0x00000000                CY_CHECKSUM_EXCLUDE_SIZE = ALIGN (0x0, CY_FLASH_ROW_SIZE)
                0x00000000                CY_APP_FOR_STACK_AND_COPIER = 0x0
                [!provide]                PROVIDE (__cy_heap_start, _end)
                0x00000001                PROVIDE (__cy_region_num, ((__cy_regions_end - __cy_regions) / 0x10))
                0x20001000                PROVIDE (__cy_stack, (ORIGIN (ram) + LENGTH (ram)))
                [!provide]                PROVIDE (__cy_heap_end, (__cy_stack - 0x400))

.cybootloader   0x00000000        0x0
 *(.cybootloader)
                0x00000000                appl1_start = CY_APPL_ORIGIN?CY_APPL_ORIGIN:ALIGN (CY_FLASH_ROW_SIZE)
                0x00003f80                appl2_start = (appl1_start + ALIGN ((((LENGTH (rom) - appl1_start) - (0x2 * CY_FLASH_ROW_SIZE)) / 0x2), CY_FLASH_ROW_SIZE))
                0x00000000                appl_start = (CY_APPL_NUM == 0x1)?appl1_start:appl2_start
                0x00000001                cy_project_type_bootloader = (appl_start == 0x0)?0x1:0x0
                0x00000000                cy_project_type_app_for_stack_and_copier = (CY_APP_FOR_STACK_AND_COPIER == 0x1)?0x1:0x0

.text           0x00000000     0x48ec
 CREATE_OBJECT_SYMBOLS
                0x00000000                PROVIDE (__cy_interrupt_vector, RomVectors)
 *(.romvectors)
 .romvectors    0x00000000       0x10 .\CortexM0\ARM_GCC_541\Debug\Cm0Start.o
                0x00000000                RomVectors
                0x00000001                ASSERT ((. != __cy_interrupt_vector), No interrupt vector)
                0x00000001                ASSERT (CY_APPL_ORIGIN?(SIZEOF (.cybootloader) <= CY_APPL_ORIGIN):0x1, Wrong image location)
                0x00000010                PROVIDE (__cy_reset, Reset)
 *(.text.Reset)
 .text.Reset    0x00000010        0x8 .\CortexM0\ARM_GCC_541\Debug\Cm0Start.o
                0x00000010                Reset
                0x00000001                ASSERT ((. != __cy_reset), No reset code)
 *(.psocinit)
 .psocinit      0x00000018      0x268 .\CortexM0\ARM_GCC_541\Debug\cyfitter_cfg.o
                0x000000ec                cyfitter_cfg
                0x00000280                . = MAX (., 0x100)
 *(.text .text.* .gnu.linkonce.t.*)
 .text          0x00000280       0x60 c:/program files (x86)/cypress/psoc creator/4.4/psoc creator/import/gnu/arm/5.4.1/bin/../lib/gcc/arm-none-eabi/5.4.1/armv6-m/crtbegin.o
 .text.SYSTICK_ISR
                0x000002e0       0xd4 .\CortexM0\ARM_GCC_541\Debug\main.o
                0x000002e0                SYSTICK_ISR
 .text.FECH_ISR
                0x000003b4      0x110 .\CortexM0\ARM_GCC_541\Debug\main.o
                0x000003b4                FECH_ISR
 .text.main     0x000004c4       0x38 .\CortexM0\ARM_GCC_541\Debug\main.o
                0x000004c4                main
 .text.Get_trame_matlab
                0x000004fc       0xf8 .\CortexM0\ARM_GCC_541\Debug\UART_XG.o
                0x000004fc                Get_trame_matlab
 .text.Get_trame
                0x000005f4      0x434 .\CortexM0\ARM_GCC_541\Debug\UART_XG.o
                0x000005f4                Get_trame
 .text.systick_delayms
                0x00000a28       0x2c .\CortexM0\ARM_GCC_541\Debug\State_machine.o
                0x00000a28                systick_delayms
 .text.init     0x00000a54       0x70 .\CortexM0\ARM_GCC_541\Debug\State_machine.o
                0x00000a54                init
 .text.arret    0x00000ac4      0x240 .\CortexM0\ARM_GCC_541\Debug\State_machine.o
                0x00000ac4                arret
 .text.marche   0x00000d04      0x91c .\CortexM0\ARM_GCC_541\Debug\State_machine.o
                0x00000d04                marche
 .text.arret_urg
                0x00001620       0x4c .\CortexM0\ARM_GCC_541\Debug\State_machine.o
                0x00001620                arret_urg
 .text.send_control_frame
                0x0000166c       0x88 .\CortexM0\ARM_GCC_541\Debug\State_machine.o
                0x0000166c                send_control_frame
 .text.CYMEMZERO
                0x000016f4       0x20 .\CortexM0\ARM_GCC_541\Debug\cyfitter_cfg.o
 .text.cfg_write_bytes32
                0x00001714       0x84 .\CortexM0\ARM_GCC_541\Debug\cyfitter_cfg.o
 .text.AnalogSetDefault
                0x00001798        0xc .\CortexM0\ARM_GCC_541\Debug\cyfitter_cfg.o
 .text.IntDefaultHandler
                0x000017a4       0x14 .\CortexM0\ARM_GCC_541\Debug\Cm0Start.o
                0x000017a4                IntDefaultHandler
 .text.Start_c  0x000017b8       0x98 .\CortexM0\ARM_GCC_541\Debug\Cm0Start.o
                0x000017b8                Start_c
 .text.initialize_psoc
                0x00001850       0x64 .\CortexM0\ARM_GCC_541\Debug\Cm0Start.o
                0x00001850                initialize_psoc
 .text.LED_Write
                0x000018b4       0x50 .\CortexM0\ARM_GCC_541\Debug\VNH7040-and.a(LED.o)
                0x000018b4                LED_Write
 .text.CySysClkWriteImoFreq
                0x00001904      0x1e4 .\CortexM0\ARM_GCC_541\Debug\VNH7040-and.a(CyLib.o)
                0x00001904                CySysClkWriteImoFreq
 .text.CyIntSetSysVector
                0x00001ae8       0x48 .\CortexM0\ARM_GCC_541\Debug\VNH7040-and.a(CyLib.o)
                0x00001ae8                CyIntSetSysVector
 .text.CyIntSetVector
                0x00001b30       0x4c .\CortexM0\ARM_GCC_541\Debug\VNH7040-and.a(CyLib.o)
                0x00001b30                CyIntSetVector
 .text.CyIntSetPriority
                0x00001b7c       0xa8 .\CortexM0\ARM_GCC_541\Debug\VNH7040-and.a(CyLib.o)
                0x00001b7c                CyIntSetPriority
 .text.CyIntEnable
                0x00001c24       0x2c .\CortexM0\ARM_GCC_541\Debug\VNH7040-and.a(CyLib.o)
                0x00001c24                CyIntEnable
 .text.CyIntDisable
                0x00001c50       0x2c .\CortexM0\ARM_GCC_541\Debug\VNH7040-and.a(CyLib.o)
                0x00001c50                CyIntDisable
 .text.CyHalt   0x00001c7c       0x18 .\CortexM0\ARM_GCC_541\Debug\VNH7040-and.a(CyLib.o)
                0x00001c7c                CyHalt
 .text.CyDelayUs
                0x00001c94       0x28 .\CortexM0\ARM_GCC_541\Debug\VNH7040-and.a(CyLib.o)
                0x00001c94                CyDelayUs
 .text.CySysTickStart
                0x00001cbc       0x24 .\CortexM0\ARM_GCC_541\Debug\VNH7040-and.a(CyLib.o)
                0x00001cbc                CySysTickStart
 .text.CySysTickInit
                0x00001ce0       0x5c .\CortexM0\ARM_GCC_541\Debug\VNH7040-and.a(CyLib.o)
                0x00001ce0                CySysTickInit
 .text.CySysTickEnable
                0x00001d3c       0x20 .\CortexM0\ARM_GCC_541\Debug\VNH7040-and.a(CyLib.o)
                0x00001d3c                CySysTickEnable
 .text.CySysTickEnableInterrupt
                0x00001d5c       0x1c .\CortexM0\ARM_GCC_541\Debug\VNH7040-and.a(CyLib.o)
                0x00001d5c                CySysTickEnableInterrupt
 .text.CySysTickSetReload
                0x00001d78       0x20 .\CortexM0\ARM_GCC_541\Debug\VNH7040-and.a(CyLib.o)
                0x00001d78                CySysTickSetReload
 .text.CySysTickGetCountFlag
                0x00001d98       0x18 .\CortexM0\ARM_GCC_541\Debug\VNH7040-and.a(CyLib.o)
                0x00001d98                CySysTickGetCountFlag
 .text.CySysTickClear
                0x00001db0       0x14 .\CortexM0\ARM_GCC_541\Debug\VNH7040-and.a(CyLib.o)
                0x00001db0                CySysTickClear
 .text.CySysTickSetCallback
                0x00001dc4       0x2c .\CortexM0\ARM_GCC_541\Debug\VNH7040-and.a(CyLib.o)
                0x00001dc4                CySysTickSetCallback
 .text.CySysTickServiceCallbacks
                0x00001df0       0x44 .\CortexM0\ARM_GCC_541\Debug\VNH7040-and.a(CyLib.o)
 .text.CySysWdtLock
                0x00001e34       0x34 .\CortexM0\ARM_GCC_541\Debug\VNH7040-and.a(CyLFClk.o)
                0x00001e34                CySysWdtLock
 .text.CySysWdtLocked
                0x00001e68       0x20 .\CortexM0\ARM_GCC_541\Debug\VNH7040-and.a(CyLFClk.o)
 .text.CySysWdtUnlock
                0x00001e88       0x50 .\CortexM0\ARM_GCC_541\Debug\VNH7040-and.a(CyLFClk.o)
                0x00001e88                CySysWdtUnlock
 .text.CySysWdtClearInterrupt
                0x00001ed8       0x70 .\CortexM0\ARM_GCC_541\Debug\VNH7040-and.a(CyLFClk.o)
                0x00001ed8                CySysWdtClearInterrupt
 .text.CySysWdtIsr
                0x00001f48       0xec .\CortexM0\ARM_GCC_541\Debug\VNH7040-and.a(CyLFClk.o)
                0x00001f48                CySysWdtIsr
 .text.UART_Init
                0x00002034       0x10 .\CortexM0\ARM_GCC_541\Debug\VNH7040-and.a(UART.o)
                0x00002034                UART_Init
 .text.UART_Enable
                0x00002044       0x24 .\CortexM0\ARM_GCC_541\Debug\VNH7040-and.a(UART.o)
                0x00002044                UART_Enable
 .text.UART_Start
                0x00002068       0x24 .\CortexM0\ARM_GCC_541\Debug\VNH7040-and.a(UART.o)
                0x00002068                UART_Start
 .text.UART_ScbEnableIntr
                0x0000208c       0x10 .\CortexM0\ARM_GCC_541\Debug\VNH7040-and.a(UART.o)
 .text.UART_ScbModePostEnable
                0x0000209c       0x10 .\CortexM0\ARM_GCC_541\Debug\VNH7040-and.a(UART.o)
 .text.UART_SpiUartReadRxData
                0x000020ac       0x50 .\CortexM0\ARM_GCC_541\Debug\VNH7040-and.a(UART_SPI_UART.o)
                0x000020ac                UART_SpiUartReadRxData
 .text.UART_SpiUartGetRxBufferSize
                0x000020fc       0x40 .\CortexM0\ARM_GCC_541\Debug\VNH7040-and.a(UART_SPI_UART.o)
                0x000020fc                UART_SpiUartGetRxBufferSize
 .text.UART_SpiUartWriteTxData
                0x0000213c       0x9c .\CortexM0\ARM_GCC_541\Debug\VNH7040-and.a(UART_SPI_UART.o)
                0x0000213c                UART_SpiUartWriteTxData
 .text.UART_UartInit
                0x000021d8      0x108 .\CortexM0\ARM_GCC_541\Debug\VNH7040-and.a(UART_UART.o)
                0x000021d8                UART_UartInit
 .text.UART_UartPostEnable
                0x000022e0       0x30 .\CortexM0\ARM_GCC_541\Debug\VNH7040-and.a(UART_UART.o)
                0x000022e0                UART_UartPostEnable
 .text.UART_UartGetChar
                0x00002310       0x40 .\CortexM0\ARM_GCC_541\Debug\VNH7040-and.a(UART_UART.o)
                0x00002310                UART_UartGetChar
 .text.UART_UartGetByte
                0x00002350       0x68 .\CortexM0\ARM_GCC_541\Debug\VNH7040-and.a(UART_UART.o)
                0x00002350                UART_UartGetByte
 .text.QuadDec_Init
                0x000023b8       0x9c .\CortexM0\ARM_GCC_541\Debug\VNH7040-and.a(QuadDec.o)
                0x000023b8                QuadDec_Init
 .text.QuadDec_Enable
                0x00002454       0x20 .\CortexM0\ARM_GCC_541\Debug\VNH7040-and.a(QuadDec.o)
                0x00002454                QuadDec_Enable
 .text.QuadDec_Start
                0x00002474       0x24 .\CortexM0\ARM_GCC_541\Debug\VNH7040-and.a(QuadDec.o)
                0x00002474                QuadDec_Start
 .text.QuadDec_SetInterruptMode
                0x00002498       0x20 .\CortexM0\ARM_GCC_541\Debug\VNH7040-and.a(QuadDec.o)
                0x00002498                QuadDec_SetInterruptMode
 .text.QuadDec_ReadStatusRegister
                0x000024b8       0x14 .\CortexM0\ARM_GCC_541\Debug\VNH7040-and.a(QuadDec.o)
                0x000024b8                QuadDec_ReadStatusRegister
 .text.QuadDec_WriteCounter
                0x000024cc       0x20 .\CortexM0\ARM_GCC_541\Debug\VNH7040-and.a(QuadDec.o)
                0x000024cc                QuadDec_WriteCounter
 .text.QuadDec_ReadCounter
                0x000024ec       0x1c .\CortexM0\ARM_GCC_541\Debug\VNH7040-and.a(QuadDec.o)
                0x000024ec                QuadDec_ReadCounter
 .text.QuadDec_ReadCapture
                0x00002508       0x14 .\CortexM0\ARM_GCC_541\Debug\VNH7040-and.a(QuadDec.o)
                0x00002508                QuadDec_ReadCapture
 .text.QuadDec_WritePeriod
                0x0000251c       0x20 .\CortexM0\ARM_GCC_541\Debug\VNH7040-and.a(QuadDec.o)
                0x0000251c                QuadDec_WritePeriod
 .text.QuadDec_WriteCompare
                0x0000253c       0x20 .\CortexM0\ARM_GCC_541\Debug\VNH7040-and.a(QuadDec.o)
                0x0000253c                QuadDec_WriteCompare
 .text.QuadDec_ClearFIFO
                0x0000255c       0x20 .\CortexM0\ARM_GCC_541\Debug\VNH7040-and.a(QuadDec.o)
                0x0000255c                QuadDec_ClearFIFO
 .text.PWM_Init
                0x0000257c       0x58 .\CortexM0\ARM_GCC_541\Debug\VNH7040-and.a(PWM.o)
                0x0000257c                PWM_Init
 .text.PWM_Enable
                0x000025d4       0x3c .\CortexM0\ARM_GCC_541\Debug\VNH7040-and.a(PWM.o)
                0x000025d4                PWM_Enable
 .text.PWM_Start
                0x00002610       0x24 .\CortexM0\ARM_GCC_541\Debug\VNH7040-and.a(PWM.o)
                0x00002610                PWM_Start
 .text.PWM_WriteCounter
                0x00002634       0x20 .\CortexM0\ARM_GCC_541\Debug\VNH7040-and.a(PWM.o)
                0x00002634                PWM_WriteCounter
 .text.PWM_WritePeriod
                0x00002654       0x20 .\CortexM0\ARM_GCC_541\Debug\VNH7040-and.a(PWM.o)
                0x00002654                PWM_WritePeriod
 .text.PWM_WriteCompare
                0x00002674       0x20 .\CortexM0\ARM_GCC_541\Debug\VNH7040-and.a(PWM.o)
                0x00002674                PWM_WriteCompare
 .text.PWM_TriggerCommand
                0x00002694       0x3c .\CortexM0\ARM_GCC_541\Debug\VNH7040-and.a(PWM.o)
                0x00002694                PWM_TriggerCommand
 .text.PWM_SetInterruptMode
                0x000026d0       0x1c .\CortexM0\ARM_GCC_541\Debug\VNH7040-and.a(PWM.o)
                0x000026d0                PWM_SetInterruptMode
 .text.Speed_Init
                0x000026ec       0x38 .\CortexM0\ARM_GCC_541\Debug\VNH7040-and.a(Speed.o)
                0x000026ec                Speed_Init
 .text.Speed_Enable
                0x00002724       0x3c .\CortexM0\ARM_GCC_541\Debug\VNH7040-and.a(Speed.o)
                0x00002724                Speed_Enable
 .text.Speed_Start
                0x00002760       0x24 .\CortexM0\ARM_GCC_541\Debug\VNH7040-and.a(Speed.o)
                0x00002760                Speed_Start
 .text.Speed_WriteCounter
                0x00002784       0x20 .\CortexM0\ARM_GCC_541\Debug\VNH7040-and.a(Speed.o)
                0x00002784                Speed_WriteCounter
 .text.Speed_WritePeriod
                0x000027a4       0x20 .\CortexM0\ARM_GCC_541\Debug\VNH7040-and.a(Speed.o)
                0x000027a4                Speed_WritePeriod
 .text.Speed_WriteCompare
                0x000027c4       0x20 .\CortexM0\ARM_GCC_541\Debug\VNH7040-and.a(Speed.o)
                0x000027c4                Speed_WriteCompare
 .text.Speed_WriteCompareBuf
                0x000027e4       0x20 .\CortexM0\ARM_GCC_541\Debug\VNH7040-and.a(Speed.o)
                0x000027e4                Speed_WriteCompareBuf
 .text.Speed_ReadCapture
                0x00002804       0x18 .\CortexM0\ARM_GCC_541\Debug\VNH7040-and.a(Speed.o)
                0x00002804                Speed_ReadCapture
 .text.Speed_TriggerCommand
                0x0000281c       0x3c .\CortexM0\ARM_GCC_541\Debug\VNH7040-and.a(Speed.o)
                0x0000281c                Speed_TriggerCommand
 .text.Speed_SetInterruptMode
                0x00002858       0x1c .\CortexM0\ARM_GCC_541\Debug\VNH7040-and.a(Speed.o)
                0x00002858                Speed_SetInterruptMode
 .text.Clock_2_Start
                0x00002874       0x1c .\CortexM0\ARM_GCC_541\Debug\VNH7040-and.a(Clock_2.o)
                0x00002874                Clock_2_Start
 .text.FECH_Init
                0x00002890       0x54 .\CortexM0\ARM_GCC_541\Debug\VNH7040-and.a(FECH.o)
                0x00002890                FECH_Init
 .text.FECH_Enable
                0x000028e4       0x3c .\CortexM0\ARM_GCC_541\Debug\VNH7040-and.a(FECH.o)
                0x000028e4                FECH_Enable
 .text.FECH_Start
                0x00002920       0x24 .\CortexM0\ARM_GCC_541\Debug\VNH7040-and.a(FECH.o)
                0x00002920                FECH_Start
 .text.FECH_Stop
                0x00002944       0x34 .\CortexM0\ARM_GCC_541\Debug\VNH7040-and.a(FECH.o)
                0x00002944                FECH_Stop
 .text.FECH_WriteCounter
                0x00002978       0x20 .\CortexM0\ARM_GCC_541\Debug\VNH7040-and.a(FECH.o)
                0x00002978                FECH_WriteCounter
 .text.FECH_WritePeriod
                0x00002998       0x20 .\CortexM0\ARM_GCC_541\Debug\VNH7040-and.a(FECH.o)
                0x00002998                FECH_WritePeriod
 .text.FECH_WriteCompare
                0x000029b8       0x20 .\CortexM0\ARM_GCC_541\Debug\VNH7040-and.a(FECH.o)
                0x000029b8                FECH_WriteCompare
 .text.FECH_TriggerCommand
                0x000029d8       0x3c .\CortexM0\ARM_GCC_541\Debug\VNH7040-and.a(FECH.o)
                0x000029d8                FECH_TriggerCommand
 .text.FECH_SetInterruptMode
                0x00002a14       0x1c .\CortexM0\ARM_GCC_541\Debug\VNH7040-and.a(FECH.o)
                0x00002a14                FECH_SetInterruptMode
 .text.FECH_ClearInterrupt
                0x00002a30       0x1c .\CortexM0\ARM_GCC_541\Debug\VNH7040-and.a(FECH.o)
                0x00002a30                FECH_ClearInterrupt
 .text.isr_fech_StartEx
                0x00002a4c       0x28 .\CortexM0\ARM_GCC_541\Debug\VNH7040-and.a(isr_fech.o)
                0x00002a4c                isr_fech_StartEx
 .text.isr_fech_SetVector
                0x00002a74       0x1c .\CortexM0\ARM_GCC_541\Debug\VNH7040-and.a(isr_fech.o)
                0x00002a74                isr_fech_SetVector
 .text.isr_fech_SetPriority
                0x00002a90       0x50 .\CortexM0\ARM_GCC_541\Debug\VNH7040-and.a(isr_fech.o)
                0x00002a90                isr_fech_SetPriority
 .text.isr_fech_Enable
                0x00002ae0       0x18 .\CortexM0\ARM_GCC_541\Debug\VNH7040-and.a(isr_fech.o)
                0x00002ae0                isr_fech_Enable
 .text.isr_fech_Disable
                0x00002af8       0x18 .\CortexM0\ARM_GCC_541\Debug\VNH7040-and.a(isr_fech.o)
                0x00002af8                isr_fech_Disable
 .text.DI_Fdg_Read
                0x00002b10       0x1c .\CortexM0\ARM_GCC_541\Debug\VNH7040-and.a(DI_Fdg.o)
                0x00002b10                DI_Fdg_Read
 .text.DI_Fdd_Read
                0x00002b2c       0x1c .\CortexM0\ARM_GCC_541\Debug\VNH7040-and.a(DI_Fdd.o)
                0x00002b2c                DI_Fdd_Read
 .text.DI_ATU_Read
                0x00002b48       0x1c .\CortexM0\ARM_GCC_541\Debug\VNH7040-and.a(DI_ATU.o)
                0x00002b48                DI_ATU_Read
 .text.Stat_dir_Read
                0x00002b64       0x14 .\CortexM0\ARM_GCC_541\Debug\VNH7040-and.a(Stat_dir.o)
                0x00002b64                Stat_dir_Read
 .text.IN2_L298_Write
                0x00002b78       0x50 .\CortexM0\ARM_GCC_541\Debug\VNH7040-and.a(IN2_L298.o)
                0x00002b78                IN2_L298_Write
 .text.IN1_L298_Write
                0x00002bc8       0x50 .\CortexM0\ARM_GCC_541\Debug\VNH7040-and.a(IN1_L298.o)
                0x00002bc8                IN1_L298_Write
 .text          0x00002c18       0x24 .\CortexM0\ARM_GCC_541\Debug\VNH7040-and.a(CyBootAsmGnu.o)
                0x00002c18                CyDelayCycles
                0x00002c2c                CyEnterCriticalSection
                0x00002c34                CyExitCriticalSection
 .text.UART_SPI_UART_ISR
                0x00002c3c      0x118 .\CortexM0\ARM_GCC_541\Debug\VNH7040-and.a(UART_SPI_UART_INT.o)
                0x00002c3c                UART_SPI_UART_ISR
 .text          0x00002d54      0x114 c:/program files (x86)/cypress/psoc creator/4.4/psoc creator/import/gnu/arm/5.4.1/bin/../lib/gcc/arm-none-eabi/5.4.1/armv6-m\libgcc.a(_udivsi3.o)
                0x00002d54                __aeabi_uidiv
                0x00002d54                __udivsi3
                0x00002e60                __aeabi_uidivmod
 .text          0x00002e68      0x1d4 c:/program files (x86)/cypress/psoc creator/4.4/psoc creator/import/gnu/arm/5.4.1/bin/../lib/gcc/arm-none-eabi/5.4.1/armv6-m\libgcc.a(_divsi3.o)
                0x00002e68                __divsi3
                0x00002e68                __aeabi_idiv
                0x00003034                __aeabi_idivmod
 .text          0x0000303c        0x4 c:/program files (x86)/cypress/psoc creator/4.4/psoc creator/import/gnu/arm/5.4.1/bin/../lib/gcc/arm-none-eabi/5.4.1/armv6-m\libgcc.a(_dvmd_tls.o)
                0x0000303c                __aeabi_idiv0
                0x0000303c                __aeabi_ldiv0
 .text          0x00003040      0x2ec c:/program files (x86)/cypress/psoc creator/4.4/psoc creator/import/gnu/arm/5.4.1/bin/../lib/gcc/arm-none-eabi/5.4.1/armv6-m\libgcc.a(addsf3.o)
                0x00003040                __aeabi_fadd
 .text          0x0000332c      0x234 c:/program files (x86)/cypress/psoc creator/4.4/psoc creator/import/gnu/arm/5.4.1/bin/../lib/gcc/arm-none-eabi/5.4.1/armv6-m\libgcc.a(divsf3.o)
                0x0000332c                __aeabi_fdiv
 .text          0x00003560      0x228 c:/program files (x86)/cypress/psoc creator/4.4/psoc creator/import/gnu/arm/5.4.1/bin/../lib/gcc/arm-none-eabi/5.4.1/armv6-m\libgcc.a(mulsf3.o)
                0x00003560                __aeabi_fmul
 .text          0x00003788      0x30c c:/program files (x86)/cypress/psoc creator/4.4/psoc creator/import/gnu/arm/5.4.1/bin/../lib/gcc/arm-none-eabi/5.4.1/armv6-m\libgcc.a(subsf3.o)
                0x00003788                __aeabi_fsub
 .text          0x00003a94       0x44 c:/program files (x86)/cypress/psoc creator/4.4/psoc creator/import/gnu/arm/5.4.1/bin/../lib/gcc/arm-none-eabi/5.4.1/armv6-m\libgcc.a(fixsfsi.o)
                0x00003a94                __aeabi_f2iz
 .text          0x00003ad8       0x90 c:/program files (x86)/cypress/psoc creator/4.4/psoc creator/import/gnu/arm/5.4.1/bin/../lib/gcc/arm-none-eabi/5.4.1/armv6-m\libgcc.a(floatsisf.o)
                0x00003ad8                __aeabi_i2f
 .text          0x00003b68      0x62c c:/program files (x86)/cypress/psoc creator/4.4/psoc creator/import/gnu/arm/5.4.1/bin/../lib/gcc/arm-none-eabi/5.4.1/armv6-m\libgcc.a(divdf3.o)
                0x00003b68                __aeabi_ddiv
 .text          0x00004194      0x4f4 c:/program files (x86)/cypress/psoc creator/4.4/psoc creator/import/gnu/arm/5.4.1/bin/../lib/gcc/arm-none-eabi/5.4.1/armv6-m\libgcc.a(muldf3.o)
                0x00004194                __aeabi_dmul
 .text          0x00004688       0xa8 c:/program files (x86)/cypress/psoc creator/4.4/psoc creator/import/gnu/arm/5.4.1/bin/../lib/gcc/arm-none-eabi/5.4.1/armv6-m\libgcc.a(extendsfdf2.o)
                0x00004688                __aeabi_f2d
 .text          0x00004730      0x118 c:/program files (x86)/cypress/psoc creator/4.4/psoc creator/import/gnu/arm/5.4.1/bin/../lib/gcc/arm-none-eabi/5.4.1/armv6-m\libgcc.a(truncdfsf2.o)
                0x00004730                __aeabi_d2f
 .text          0x00004848       0x3c c:/program files (x86)/cypress/psoc creator/4.4/psoc creator/import/gnu/arm/5.4.1/bin/../lib/gcc/arm-none-eabi/5.4.1/armv6-m\libgcc.a(_clzsi2.o)
                0x00004848                __clzsi2
 .text.__errno  0x00004884        0xc c:/program files (x86)/cypress/psoc creator/4.4/psoc creator/import/gnu/arm/5.4.1/bin/../lib/gcc/arm-none-eabi/5.4.1/../../../../arm-none-eabi/lib/armv6-m\libg_nano.a(lib_a-errno.o)
                0x00004884                __errno
 .text.__libc_init_array
                0x00004890       0x4c c:/program files (x86)/cypress/psoc creator/4.4/psoc creator/import/gnu/arm/5.4.1/bin/../lib/gcc/arm-none-eabi/5.4.1/../../../../arm-none-eabi/lib/armv6-m\libg_nano.a(lib_a-init.o)
                0x00004890                __libc_init_array
 .text.memset   0x000048dc       0x10 c:/program files (x86)/cypress/psoc creator/4.4/psoc creator/import/gnu/arm/5.4.1/bin/../lib/gcc/arm-none-eabi/5.4.1/../../../../arm-none-eabi/lib/armv6-m\libg_nano.a(lib_a-memset.o)
                0x000048dc                memset
 *(.plt)
 *(.gnu.warning)
 *(.glue_7t)
 .glue_7t       0x000048ec        0x0 linker stubs
 *(.glue_7)
 .glue_7        0x000048ec        0x0 linker stubs
 *(.vfp11_veneer)
 .vfp11_veneer  0x000048ec        0x0 linker stubs
 *(.bootloader)
 *(.ARM.extab* .gnu.linkonce.armextab.*)
 *(.gcc_except_table)

.v4_bx          0x000048ec        0x0
 .v4_bx         0x000048ec        0x0 linker stubs

.iplt           0x000048ec        0x0
 .iplt          0x000048ec        0x0 c:/program files (x86)/cypress/psoc creator/4.4/psoc creator/import/gnu/arm/5.4.1/bin/../lib/gcc/arm-none-eabi/5.4.1/armv6-m/crtbegin.o

.eh_frame_hdr
 *(.eh_frame_hdr)

.eh_frame       0x000048ec        0x4
 *(.eh_frame)
 .eh_frame      0x000048ec        0x0 c:/program files (x86)/cypress/psoc creator/4.4/psoc creator/import/gnu/arm/5.4.1/bin/../lib/gcc/arm-none-eabi/5.4.1/armv6-m/crtbegin.o
 .eh_frame      0x000048ec        0x4 c:/program files (x86)/cypress/psoc creator/4.4/psoc creator/import/gnu/arm/5.4.1/bin/../lib/gcc/arm-none-eabi/5.4.1/armv6-m/crtend.o
                [!provide]                PROVIDE (__exidx_start, .)

.ARM.exidx
 *(.ARM.exidx* .gnu.linkonce.armexidx.*)
                0x000048f0                __exidx_end = .

.rodata         0x000048f0     0x2330
 *(.rodata .rodata.* .gnu.linkonce.r.*)
 .rodata        0x000048f0     0x2000 .\CortexM0\ARM_GCC_541\Debug\main.o
                0x000048f0                carree
                0x000050f0                triangle
                0x000058f0                sinus
                0x000060f0                dent_de_scie
 .rodata        0x000068f0       0x18 .\CortexM0\ARM_GCC_541\Debug\State_machine.o
 .rodata        0x00006908      0x16e .\CortexM0\ARM_GCC_541\Debug\cyfitter_cfg.o
 *fill*         0x00006a76        0x2 
 .rodata        0x00006a78       0x2e .\CortexM0\ARM_GCC_541\Debug\VNH7040-and.a(CyLib.o)
                0x00006a78                cyImoFreqMhz2Reg
 *fill*         0x00006aa6        0x2 
 .rodata        0x00006aa8       0x80 c:/program files (x86)/cypress/psoc creator/4.4/psoc creator/import/gnu/arm/5.4.1/bin/../lib/gcc/arm-none-eabi/5.4.1/armv6-m\libgcc.a(divsf3.o)
 .rodata        0x00006b28       0x40 c:/program files (x86)/cypress/psoc creator/4.4/psoc creator/import/gnu/arm/5.4.1/bin/../lib/gcc/arm-none-eabi/5.4.1/armv6-m\libgcc.a(mulsf3.o)
 .rodata        0x00006b68       0x40 c:/program files (x86)/cypress/psoc creator/4.4/psoc creator/import/gnu/arm/5.4.1/bin/../lib/gcc/arm-none-eabi/5.4.1/armv6-m\libgcc.a(divdf3.o)
 .rodata        0x00006ba8       0x40 c:/program files (x86)/cypress/psoc creator/4.4/psoc creator/import/gnu/arm/5.4.1/bin/../lib/gcc/arm-none-eabi/5.4.1/armv6-m\libgcc.a(muldf3.o)
 .rodata.str1.1
                0x00006be8        0x2 c:/program files (x86)/cypress/psoc creator/4.4/psoc creator/import/gnu/arm/5.4.1/bin/../lib/gcc/arm-none-eabi/5.4.1/../../../../arm-none-eabi/lib/armv6-m\libg_nano.a(lib_a-impure.o)
                0x00006bec                . = ALIGN (0x4)
 *fill*         0x00006bea        0x2 
 *(.init)
 .init          0x00006bec        0x4 c:/program files (x86)/cypress/psoc creator/4.4/psoc creator/import/gnu/arm/5.4.1/bin/../lib/gcc/arm-none-eabi/5.4.1/armv6-m/crti.o
                0x00006bec                _init
 .init          0x00006bf0        0x8 c:/program files (x86)/cypress/psoc creator/4.4/psoc creator/import/gnu/arm/5.4.1/bin/../lib/gcc/arm-none-eabi/5.4.1/armv6-m/crtn.o
                0x00006bf8                . = ALIGN (0x4)
                0x00006bf8                __preinit_array_start = .
 *(.preinit_array)
                0x00006bf8                __preinit_array_end = .
                0x00006bf8                . = ALIGN (0x4)
                0x00006bf8                __init_array_start = .
 *(SORT(.init_array.*))
 *(.init_array)
 .init_array    0x00006bf8        0x4 c:/program files (x86)/cypress/psoc creator/4.4/psoc creator/import/gnu/arm/5.4.1/bin/../lib/gcc/arm-none-eabi/5.4.1/armv6-m/crtbegin.o
 .init_array    0x00006bfc        0x4 .\CortexM0\ARM_GCC_541\Debug\Cm0Start.o
                0x00006c00                __init_array_end = .
                0x00006c00                . = ALIGN (0x4)
 *(.fini)
 .fini          0x00006c00        0x4 c:/program files (x86)/cypress/psoc creator/4.4/psoc creator/import/gnu/arm/5.4.1/bin/../lib/gcc/arm-none-eabi/5.4.1/armv6-m/crti.o
                0x00006c00                _fini
 .fini          0x00006c04        0x8 c:/program files (x86)/cypress/psoc creator/4.4/psoc creator/import/gnu/arm/5.4.1/bin/../lib/gcc/arm-none-eabi/5.4.1/armv6-m/crtn.o
                0x00006c0c                . = ALIGN (0x4)
                0x00006c0c                __fini_array_start = .
 *(.fini_array)
 .fini_array    0x00006c0c        0x4 c:/program files (x86)/cypress/psoc creator/4.4/psoc creator/import/gnu/arm/5.4.1/bin/../lib/gcc/arm-none-eabi/5.4.1/armv6-m/crtbegin.o
 *(SORT(.fini_array.*))
                0x00006c10                __fini_array_end = .
                0x00006c10                . = ALIGN (0x4)
 *crtbegin.o(.ctors)
 *(EXCLUDE_FILE(*crtend.o) .ctors)
 *(SORT(.ctors.*))
 *crtend.o(.ctors)
                0x00006c10                . = ALIGN (0x4)
 *crtbegin.o(.dtors)
 *(EXCLUDE_FILE(*crtend.o) .dtors)
 *(SORT(.dtors.*))
 *crtend.o(.dtors)
                0x00006c10                . = ALIGN (0x4)
                0x00006c10                __cy_regions = .
                0x00006c10        0x4 LONG 0x6c20 __cy_region_init_ram
                0x00006c14        0x4 LONG 0x200000c8 __cy_region_start_data
                0x00006c18        0x4 LONG 0x88 __cy_region_init_size_ram
                0x00006c1c        0x4 LONG 0x1d0 __cy_region_zero_size_ram
                0x00006c20                __cy_regions_end = .
                0x00006c20                . = ALIGN (0x8)
                0x00006c20                _etext = .

.cy_checksum_exclude
                0x00006c20        0x0
 *(.cy_checksum_exclude)

.ramvectors     0x20000000       0xc0
                0x20000000                __cy_region_start_ram = .
 *(.ramvectors)
 .ramvectors    0x20000000       0xc0 .\CortexM0\ARM_GCC_541\Debug\Cm0Start.o
                0x20000000                CyRamVectors

.noinit         0x200000c0        0x4
 *(.noinit)
 .noinit        0x200000c0        0x4 .\CortexM0\ARM_GCC_541\Debug\Cm0Start.o

.data           0x200000c8       0x88 load address 0x00006c20
                0x200000c8                __cy_region_start_data = .
 *(.jcr)
 .jcr           0x200000c8        0x0 c:/program files (x86)/cypress/psoc creator/4.4/psoc creator/import/gnu/arm/5.4.1/bin/../lib/gcc/arm-none-eabi/5.4.1/armv6-m/crtbegin.o
 .jcr           0x200000c8        0x4 c:/program files (x86)/cypress/psoc creator/4.4/psoc creator/import/gnu/arm/5.4.1/bin/../lib/gcc/arm-none-eabi/5.4.1/armv6-m/crtend.o
 *(.got.plt)
 *(.got)
 *(.shdata)
 *(.data .data.* .gnu.linkonce.d.*)
 .data          0x200000cc        0x4 .\CortexM0\ARM_GCC_541\Debug\main.o
                0x200000cc                statefunc
 .data          0x200000d0        0x4 .\CortexM0\ARM_GCC_541\Debug\State_machine.o
                0x200000d0                N
 .data          0x200000d4       0x14 .\CortexM0\ARM_GCC_541\Debug\VNH7040-and.a(CyLib.o)
                0x200000d4                cydelayFreqHz
                0x200000d8                cydelayFreqKhz
                0x200000dc                cydelayFreqMhz
                0x200000e0                cydelay32kMs
                0x200000e4                CySysClkPumpConfig
 .data          0x200000e8        0x4 .\CortexM0\ARM_GCC_541\Debug\VNH7040-and.a(CyLFClk.o)
 .data.impure_data
                0x200000ec       0x60 c:/program files (x86)/cypress/psoc creator/4.4/psoc creator/import/gnu/arm/5.4.1/bin/../lib/gcc/arm-none-eabi/5.4.1/../../../../arm-none-eabi/lib/armv6-m\libg_nano.a(lib_a-impure.o)
 .data._impure_ptr
                0x2000014c        0x4 c:/program files (x86)/cypress/psoc creator/4.4/psoc creator/import/gnu/arm/5.4.1/bin/../lib/gcc/arm-none-eabi/5.4.1/../../../../arm-none-eabi/lib/armv6-m\libg_nano.a(lib_a-impure.o)
                0x2000014c                _impure_ptr
                0x20000150                . = ALIGN (0x8)
 *(.ram)
                0x20000150                _edata = .

.igot.plt       0x20000150        0x0 load address 0x00006ca8
 .igot.plt      0x20000150        0x0 c:/program files (x86)/cypress/psoc creator/4.4/psoc creator/import/gnu/arm/5.4.1/bin/../lib/gcc/arm-none-eabi/5.4.1/armv6-m/crtbegin.o

.bss            0x20000150      0x1d0 load address 0x00006ca8
                0x20000150                PROVIDE (__bss_start__, .)
 *(.shbss)
 *(.bss .bss.* .gnu.linkonce.b.*)
 .bss           0x20000150       0x1c c:/program files (x86)/cypress/psoc creator/4.4/psoc creator/import/gnu/arm/5.4.1/bin/../lib/gcc/arm-none-eabi/5.4.1/armv6-m/crtbegin.o
 .bss           0x2000016c        0x4 .\CortexM0\ARM_GCC_541\Debug\main.o
                0x2000016c                time
 .bss           0x20000170       0x18 .\CortexM0\ARM_GCC_541\Debug\VNH7040-and.a(CyLib.o)
                0x20000184                CySysTickInitVar
 .bss           0x20000188       0x20 .\CortexM0\ARM_GCC_541\Debug\VNH7040-and.a(CyLFClk.o)
 .bss           0x200001a8        0x8 .\CortexM0\ARM_GCC_541\Debug\VNH7040-and.a(UART.o)
                0x200001a8                UART_initVar
                0x200001aa                UART_IntrTxMask
                0x200001ac                UART_customIntrHandler
 .bss           0x200001b0        0x1 .\CortexM0\ARM_GCC_541\Debug\VNH7040-and.a(QuadDec.o)
                0x200001b0                QuadDec_initVar
 .bss           0x200001b1        0x1 .\CortexM0\ARM_GCC_541\Debug\VNH7040-and.a(PWM.o)
                0x200001b1                PWM_initVar
 .bss           0x200001b2        0x1 .\CortexM0\ARM_GCC_541\Debug\VNH7040-and.a(Speed.o)
                0x200001b2                Speed_initVar
 .bss           0x200001b3        0x1 .\CortexM0\ARM_GCC_541\Debug\VNH7040-and.a(FECH.o)
                0x200001b3                FECH_initVar
 *(COMMON)
 COMMON         0x200001b4       0x8c .\CortexM0\ARM_GCC_541\Debug\main.o
                0x200001b4                gain_pwm1
                0x200001b8                param_ok
                0x200001bc                param
                0x200001e4                sent
                0x200001e8                index_gen
                0x200001ec                offset_idac
                0x200001f0                gain_idac
                0x200001f4                marche_bool
                0x200001f5                debug
                0x200001f8                pwm1_valeur
                0x200001fc                spid2
                0x20000200                erreur_av_pid1
                0x20000204                out_deriv_av2
                0x20000208                val2_2
                0x2000020c                erreur_int_pid1
                0x20000210                pointeur_gen
                0x20000214                i
                0x20000218                epsilon
                0x2000021c                val2
                0x20000220                out_deriv_av1
                0x20000224                val2_1
                0x20000228                offset_pwm1
                0x2000022c                erreur_av_pid2
                0x20000230                consigne
                0x20000234                erreur_int_pid2
                0x20000238                spid1
                0x2000023c                val1
 COMMON         0x20000240        0x4 .\CortexM0\ARM_GCC_541\Debug\State_machine.o
                0x20000240                erreur_temp
 COMMON         0x20000244       0xdc .\CortexM0\ARM_GCC_541\Debug\VNH7040-and.a(UART_SPI_UART.o)
                0x20000244                UART_txBufferTail
                0x20000248                UART_txBufferHead
                0x2000024c                UART_rxBufferTail
                0x20000250                UART_txBufferInternal
                0x200002b4                UART_rxBufferInternal
                0x20000319                UART_rxBufferOverflow
                0x2000031c                UART_rxBufferHead
                0x20000320                . = ALIGN (0x8)
 *(.ram.b)
                0x20000320                _end = .
                0x20000320                __end = .
                0x20000320                PROVIDE (end, .)
                0x20000320                PROVIDE (__bss_end__, .)
                0x00006c20                __cy_region_init_ram = LOADADDR (.data)
                0x00000088                __cy_region_init_size_ram = (_edata - ADDR (.data))
                0x000001d0                __cy_region_zero_size_ram = (_end - _edata)

.heap           0x20000320       0x80 load address 0x00006ca8
                0x20000320                . = _end
                0x200003a0                . = (. + 0x80)
 *fill*         0x20000320       0x80 
                0x200003a0                __cy_heap_limit = .

.stack          0x20000c00      0x400
                0x20000c00                __cy_stack_limit = .
                0x20001000                . = (. + 0x400)
 *fill*         0x20000c00      0x400 
                0x00000001                ASSERT ((__cy_stack_limit >= __cy_heap_limit), region RAM overflowed with stack)
                0x00000000                cy_checksum_exclude_size = (CY_APPL_LOADABLE == 0x1)?SIZEOF (.cy_checksum_exclude):0x0
                0x00000001                ASSERT ((cy_checksum_exclude_size <= CY_CHECKSUM_EXCLUDE_SIZE), CY_BOOT: Section .cy_checksum_exclude size exceedes specified limit.)
                0x00007fc0                cyloadermeta_start = (cy_project_type_bootloader || cy_project_type_app_for_stack_and_copier)?(LENGTH (rom) - CY_METADATA_SIZE):0xf0000000

.cyloadermeta
 *(.cyloadermeta)
                0x00007fc0                cyloadablemeta_start = cy_project_type_app_for_stack_and_copier?((LENGTH (rom) - CY_FLASH_ROW_SIZE) - CY_METADATA_SIZE):((LENGTH (rom) - (CY_FLASH_ROW_SIZE * (CY_APPL_NUM - 0x1))) - CY_METADATA_SIZE)

.cyloadablemeta
 *(.cyloadablemeta)

.cyflashprotect
                0x90400000       0x20
 *(.cyflashprotect)
 .cyflashprotect
                0x90400000       0x20 .\CortexM0\ARM_GCC_541\Debug\cymetadata.o
                0x90400000                cy_meta_flashprotect

.cymeta         0x90500000        0xc
 *(.cymeta)
 .cymeta        0x90500000        0xc .\CortexM0\ARM_GCC_541\Debug\cymetadata.o
                0x90500000                cy_metadata

.cychipprotect  0x90600000        0x1
 *(.cychipprotect)
 .cychipprotect
                0x90600000        0x1 .\CortexM0\ARM_GCC_541\Debug\cymetadata.o
                0x90600000                cy_meta_chipprotect

.rel.dyn        0x00006ca8        0x0 load address 0x90600004
 .rel.iplt      0x00006ca8        0x0 c:/program files (x86)/cypress/psoc creator/4.4/psoc creator/import/gnu/arm/5.4.1/bin/../lib/gcc/arm-none-eabi/5.4.1/armv6-m/crtbegin.o

.stab
 *(.stab)

.stabstr
 *(.stabstr)

.debug
 *(.debug)

.line
 *(.line)

.debug_srcinfo
 *(.debug_srcinfo)

.debug_sfnames
 *(.debug_sfnames)

.debug_aranges  0x00000000      0xcd0
 *(.debug_aranges)
 .debug_aranges
                0x00000000       0x30 .\CortexM0\ARM_GCC_541\Debug\main.o
 .debug_aranges
                0x00000030       0x28 .\CortexM0\ARM_GCC_541\Debug\UART_XG.o
 .debug_aranges
                0x00000058       0x48 .\CortexM0\ARM_GCC_541\Debug\State_machine.o
 .debug_aranges
                0x000000a0       0x50 .\CortexM0\ARM_GCC_541\Debug\cyfitter_cfg.o
 .debug_aranges
                0x000000f0       0x18 .\CortexM0\ARM_GCC_541\Debug\cymetadata.o
 .debug_aranges
                0x00000108       0x48 .\CortexM0\ARM_GCC_541\Debug\Cm0Start.o
 .debug_aranges
                0x00000150       0x48 .\CortexM0\ARM_GCC_541\Debug\VNH7040-and.a(LED.o)
 .debug_aranges
                0x00000198      0x180 .\CortexM0\ARM_GCC_541\Debug\VNH7040-and.a(CyLib.o)
 .debug_aranges
                0x00000318      0x138 .\CortexM0\ARM_GCC_541\Debug\VNH7040-and.a(CyLFClk.o)
 .debug_aranges
                0x00000450       0x70 .\CortexM0\ARM_GCC_541\Debug\VNH7040-and.a(UART.o)
 .debug_aranges
                0x000004c0       0x60 .\CortexM0\ARM_GCC_541\Debug\VNH7040-and.a(UART_SPI_UART.o)
 .debug_aranges
                0x00000520       0x68 .\CortexM0\ARM_GCC_541\Debug\VNH7040-and.a(UART_UART.o)
 .debug_aranges
                0x00000588       0x98 .\CortexM0\ARM_GCC_541\Debug\VNH7040-and.a(QuadDec.o)
 .debug_aranges
                0x00000620      0x158 .\CortexM0\ARM_GCC_541\Debug\VNH7040-and.a(PWM.o)
 .debug_aranges
                0x00000778      0x158 .\CortexM0\ARM_GCC_541\Debug\VNH7040-and.a(Speed.o)
 .debug_aranges
                0x000008d0       0x40 .\CortexM0\ARM_GCC_541\Debug\VNH7040-and.a(Clock_2.o)
 .debug_aranges
                0x00000910      0x158 .\CortexM0\ARM_GCC_541\Debug\VNH7040-and.a(FECH.o)
 .debug_aranges
                0x00000a68       0x80 .\CortexM0\ARM_GCC_541\Debug\VNH7040-and.a(isr_fech.o)
 .debug_aranges
                0x00000ae8       0x48 .\CortexM0\ARM_GCC_541\Debug\VNH7040-and.a(DI_Fdg.o)
 .debug_aranges
                0x00000b30       0x48 .\CortexM0\ARM_GCC_541\Debug\VNH7040-and.a(DI_Fdd.o)
 .debug_aranges
                0x00000b78       0x48 .\CortexM0\ARM_GCC_541\Debug\VNH7040-and.a(DI_ATU.o)
 .debug_aranges
                0x00000bc0       0x40 .\CortexM0\ARM_GCC_541\Debug\VNH7040-and.a(Stat_dir.o)
 .debug_aranges
                0x00000c00       0x48 .\CortexM0\ARM_GCC_541\Debug\VNH7040-and.a(IN2_L298.o)
 .debug_aranges
                0x00000c48       0x48 .\CortexM0\ARM_GCC_541\Debug\VNH7040-and.a(IN1_L298.o)
 .debug_aranges
                0x00000c90       0x20 .\CortexM0\ARM_GCC_541\Debug\VNH7040-and.a(CyBootAsmGnu.o)
 .debug_aranges
                0x00000cb0       0x20 .\CortexM0\ARM_GCC_541\Debug\VNH7040-and.a(UART_SPI_UART_INT.o)

.debug_pubnames
 *(.debug_pubnames)

.debug_info     0x00000000     0x54b6
 *(.debug_info .gnu.linkonce.wi.*)
 .debug_info    0x00000000      0x4be .\CortexM0\ARM_GCC_541\Debug\main.o
 .debug_info    0x000004be      0x31f .\CortexM0\ARM_GCC_541\Debug\UART_XG.o
 .debug_info    0x000007dd      0x466 .\CortexM0\ARM_GCC_541\Debug\State_machine.o
 .debug_info    0x00000c43      0x36f .\CortexM0\ARM_GCC_541\Debug\cyfitter_cfg.o
 .debug_info    0x00000fb2       0xf8 .\CortexM0\ARM_GCC_541\Debug\cymetadata.o
 .debug_info    0x000010aa      0x312 .\CortexM0\ARM_GCC_541\Debug\Cm0Start.o
 .debug_info    0x000013bc      0x19a .\CortexM0\ARM_GCC_541\Debug\VNH7040-and.a(LED.o)
 .debug_info    0x00001556      0x8e0 .\CortexM0\ARM_GCC_541\Debug\VNH7040-and.a(CyLib.o)
 .debug_info    0x00001e36      0x81f .\CortexM0\ARM_GCC_541\Debug\VNH7040-and.a(CyLFClk.o)
 .debug_info    0x00002655      0x21a .\CortexM0\ARM_GCC_541\Debug\VNH7040-and.a(UART.o)
 .debug_info    0x0000286f      0x2fc .\CortexM0\ARM_GCC_541\Debug\VNH7040-and.a(UART_SPI_UART.o)
 .debug_info    0x00002b6b      0x2c3 .\CortexM0\ARM_GCC_541\Debug\VNH7040-and.a(UART_UART.o)
 .debug_info    0x00002e2e      0x291 .\CortexM0\ARM_GCC_541\Debug\VNH7040-and.a(QuadDec.o)
 .debug_info    0x000030bf      0x6fb .\CortexM0\ARM_GCC_541\Debug\VNH7040-and.a(PWM.o)
 .debug_info    0x000037ba      0x6fb .\CortexM0\ARM_GCC_541\Debug\VNH7040-and.a(Speed.o)
 .debug_info    0x00003eb5      0x150 .\CortexM0\ARM_GCC_541\Debug\VNH7040-and.a(Clock_2.o)
 .debug_info    0x00004005      0x6fb .\CortexM0\ARM_GCC_541\Debug\VNH7040-and.a(FECH.o)
 .debug_info    0x00004700      0x24d .\CortexM0\ARM_GCC_541\Debug\VNH7040-and.a(isr_fech.o)
 .debug_info    0x0000494d      0x19a .\CortexM0\ARM_GCC_541\Debug\VNH7040-and.a(DI_Fdg.o)
 .debug_info    0x00004ae7      0x19a .\CortexM0\ARM_GCC_541\Debug\VNH7040-and.a(DI_Fdd.o)
 .debug_info    0x00004c81      0x19a .\CortexM0\ARM_GCC_541\Debug\VNH7040-and.a(DI_ATU.o)
 .debug_info    0x00004e1b      0x142 .\CortexM0\ARM_GCC_541\Debug\VNH7040-and.a(Stat_dir.o)
 .debug_info    0x00004f5d      0x19a .\CortexM0\ARM_GCC_541\Debug\VNH7040-and.a(IN2_L298.o)
 .debug_info    0x000050f7      0x19a .\CortexM0\ARM_GCC_541\Debug\VNH7040-and.a(IN1_L298.o)
 .debug_info    0x00005291       0xa1 .\CortexM0\ARM_GCC_541\Debug\VNH7040-and.a(CyBootAsmGnu.o)
 .debug_info    0x00005332      0x184 .\CortexM0\ARM_GCC_541\Debug\VNH7040-and.a(UART_SPI_UART_INT.o)

.debug_abbrev   0x00000000     0x1975
 *(.debug_abbrev)
 .debug_abbrev  0x00000000      0x110 .\CortexM0\ARM_GCC_541\Debug\main.o
 .debug_abbrev  0x00000110       0xf2 .\CortexM0\ARM_GCC_541\Debug\UART_XG.o
 .debug_abbrev  0x00000202      0x194 .\CortexM0\ARM_GCC_541\Debug\State_machine.o
 .debug_abbrev  0x00000396      0x18a .\CortexM0\ARM_GCC_541\Debug\cyfitter_cfg.o
 .debug_abbrev  0x00000520       0x5d .\CortexM0\ARM_GCC_541\Debug\cymetadata.o
 .debug_abbrev  0x0000057d      0x1c8 .\CortexM0\ARM_GCC_541\Debug\Cm0Start.o
 .debug_abbrev  0x00000745       0xaa .\CortexM0\ARM_GCC_541\Debug\VNH7040-and.a(LED.o)
 .debug_abbrev  0x000007ef      0x1a7 .\CortexM0\ARM_GCC_541\Debug\VNH7040-and.a(CyLib.o)
 .debug_abbrev  0x00000996      0x1e0 .\CortexM0\ARM_GCC_541\Debug\VNH7040-and.a(CyLFClk.o)
 .debug_abbrev  0x00000b76       0xdd .\CortexM0\ARM_GCC_541\Debug\VNH7040-and.a(UART.o)
 .debug_abbrev  0x00000c53      0x149 .\CortexM0\ARM_GCC_541\Debug\VNH7040-and.a(UART_SPI_UART.o)
 .debug_abbrev  0x00000d9c       0xfd .\CortexM0\ARM_GCC_541\Debug\VNH7040-and.a(UART_UART.o)
 .debug_abbrev  0x00000e99      0x12c .\CortexM0\ARM_GCC_541\Debug\VNH7040-and.a(QuadDec.o)
 .debug_abbrev  0x00000fc5       0xfc .\CortexM0\ARM_GCC_541\Debug\VNH7040-and.a(PWM.o)
 .debug_abbrev  0x000010c1       0xfc .\CortexM0\ARM_GCC_541\Debug\VNH7040-and.a(Speed.o)
 .debug_abbrev  0x000011bd       0xa8 .\CortexM0\ARM_GCC_541\Debug\VNH7040-and.a(Clock_2.o)
 .debug_abbrev  0x00001265       0xfc .\CortexM0\ARM_GCC_541\Debug\VNH7040-and.a(FECH.o)
 .debug_abbrev  0x00001361      0x16a .\CortexM0\ARM_GCC_541\Debug\VNH7040-and.a(isr_fech.o)
 .debug_abbrev  0x000014cb       0xaa .\CortexM0\ARM_GCC_541\Debug\VNH7040-and.a(DI_Fdg.o)
 .debug_abbrev  0x00001575       0xaa .\CortexM0\ARM_GCC_541\Debug\VNH7040-and.a(DI_Fdd.o)
 .debug_abbrev  0x0000161f       0xaa .\CortexM0\ARM_GCC_541\Debug\VNH7040-and.a(DI_ATU.o)
 .debug_abbrev  0x000016c9       0xaa .\CortexM0\ARM_GCC_541\Debug\VNH7040-and.a(Stat_dir.o)
 .debug_abbrev  0x00001773       0xaa .\CortexM0\ARM_GCC_541\Debug\VNH7040-and.a(IN2_L298.o)
 .debug_abbrev  0x0000181d       0xaa .\CortexM0\ARM_GCC_541\Debug\VNH7040-and.a(IN1_L298.o)
 .debug_abbrev  0x000018c7       0x14 .\CortexM0\ARM_GCC_541\Debug\VNH7040-and.a(CyBootAsmGnu.o)
 .debug_abbrev  0x000018db       0x9a .\CortexM0\ARM_GCC_541\Debug\VNH7040-and.a(UART_SPI_UART_INT.o)

.debug_line     0x00000000     0x2a7b
 *(.debug_line)
 .debug_line    0x00000000       0xdb .\CortexM0\ARM_GCC_541\Debug\main.o
 .debug_line    0x000000db      0x145 .\CortexM0\ARM_GCC_541\Debug\UART_XG.o
 .debug_line    0x00000220      0x214 .\CortexM0\ARM_GCC_541\Debug\State_machine.o
 .debug_line    0x00000434      0x1a2 .\CortexM0\ARM_GCC_541\Debug\cyfitter_cfg.o
 .debug_line    0x000005d6      0x141 .\CortexM0\ARM_GCC_541\Debug\cymetadata.o
 .debug_line    0x00000717      0x1cf .\CortexM0\ARM_GCC_541\Debug\Cm0Start.o
 .debug_line    0x000008e6       0xbb .\CortexM0\ARM_GCC_541\Debug\VNH7040-and.a(LED.o)
 .debug_line    0x000009a1      0x47b .\CortexM0\ARM_GCC_541\Debug\VNH7040-and.a(CyLib.o)
 .debug_line    0x00000e1c      0x504 .\CortexM0\ARM_GCC_541\Debug\VNH7040-and.a(CyLFClk.o)
 .debug_line    0x00001320      0x139 .\CortexM0\ARM_GCC_541\Debug\VNH7040-and.a(UART.o)
 .debug_line    0x00001459      0x14f .\CortexM0\ARM_GCC_541\Debug\VNH7040-and.a(UART_SPI_UART.o)
 .debug_line    0x000015a8      0x17c .\CortexM0\ARM_GCC_541\Debug\VNH7040-and.a(UART_UART.o)
 .debug_line    0x00001724      0x185 .\CortexM0\ARM_GCC_541\Debug\VNH7040-and.a(QuadDec.o)
 .debug_line    0x000018a9      0x371 .\CortexM0\ARM_GCC_541\Debug\VNH7040-and.a(PWM.o)
 .debug_line    0x00001c1a      0x36e .\CortexM0\ARM_GCC_541\Debug\VNH7040-and.a(Speed.o)
 .debug_line    0x00001f88       0xae .\CortexM0\ARM_GCC_541\Debug\VNH7040-and.a(Clock_2.o)
 .debug_line    0x00002036      0x372 .\CortexM0\ARM_GCC_541\Debug\VNH7040-and.a(FECH.o)
 .debug_line    0x000023a8      0x157 .\CortexM0\ARM_GCC_541\Debug\VNH7040-and.a(isr_fech.o)
 .debug_line    0x000024ff       0xbe .\CortexM0\ARM_GCC_541\Debug\VNH7040-and.a(DI_Fdg.o)
 .debug_line    0x000025bd       0xbe .\CortexM0\ARM_GCC_541\Debug\VNH7040-and.a(DI_Fdd.o)
 .debug_line    0x0000267b       0xbe .\CortexM0\ARM_GCC_541\Debug\VNH7040-and.a(DI_ATU.o)
 .debug_line    0x00002739       0xac .\CortexM0\ARM_GCC_541\Debug\VNH7040-and.a(Stat_dir.o)
 .debug_line    0x000027e5       0xc0 .\CortexM0\ARM_GCC_541\Debug\VNH7040-and.a(IN2_L298.o)
 .debug_line    0x000028a5       0xc0 .\CortexM0\ARM_GCC_541\Debug\VNH7040-and.a(IN1_L298.o)
 .debug_line    0x00002965       0x69 .\CortexM0\ARM_GCC_541\Debug\VNH7040-and.a(CyBootAsmGnu.o)
 .debug_line    0x000029ce       0xad .\CortexM0\ARM_GCC_541\Debug\VNH7040-and.a(UART_SPI_UART_INT.o)

.debug_frame    0x00000000     0x2d18
 *(.debug_frame)
 .debug_frame   0x00000000       0x64 .\CortexM0\ARM_GCC_541\Debug\main.o
 .debug_frame   0x00000064       0x50 .\CortexM0\ARM_GCC_541\Debug\UART_XG.o
 .debug_frame   0x000000b4       0xd4 .\CortexM0\ARM_GCC_541\Debug\State_machine.o
 .debug_frame   0x00000188       0xe8 .\CortexM0\ARM_GCC_541\Debug\cyfitter_cfg.o
 .debug_frame   0x00000270       0xc8 .\CortexM0\ARM_GCC_541\Debug\Cm0Start.o
 .debug_frame   0x00000338       0xc8 .\CortexM0\ARM_GCC_541\Debug\VNH7040-and.a(LED.o)
 .debug_frame   0x00000400      0x588 .\CortexM0\ARM_GCC_541\Debug\VNH7040-and.a(CyLib.o)
 .debug_frame   0x00000988      0x480 .\CortexM0\ARM_GCC_541\Debug\VNH7040-and.a(CyLFClk.o)
 .debug_frame   0x00000e08      0x150 .\CortexM0\ARM_GCC_541\Debug\VNH7040-and.a(UART.o)
 .debug_frame   0x00000f58      0x128 .\CortexM0\ARM_GCC_541\Debug\VNH7040-and.a(UART_SPI_UART.o)
 .debug_frame   0x00001080      0x144 .\CortexM0\ARM_GCC_541\Debug\VNH7040-and.a(UART_UART.o)
 .debug_frame   0x000011c4      0x1ec .\CortexM0\ARM_GCC_541\Debug\VNH7040-and.a(QuadDec.o)
 .debug_frame   0x000013b0      0x52c .\CortexM0\ARM_GCC_541\Debug\VNH7040-and.a(PWM.o)
 .debug_frame   0x000018dc      0x52c .\CortexM0\ARM_GCC_541\Debug\VNH7040-and.a(Speed.o)
 .debug_frame   0x00001e08       0xa0 .\CortexM0\ARM_GCC_541\Debug\VNH7040-and.a(Clock_2.o)
 .debug_frame   0x00001ea8      0x52c .\CortexM0\ARM_GCC_541\Debug\VNH7040-and.a(FECH.o)
 .debug_frame   0x000023d4      0x190 .\CortexM0\ARM_GCC_541\Debug\VNH7040-and.a(isr_fech.o)
 .debug_frame   0x00002564       0xc8 .\CortexM0\ARM_GCC_541\Debug\VNH7040-and.a(DI_Fdg.o)
 .debug_frame   0x0000262c       0xc8 .\CortexM0\ARM_GCC_541\Debug\VNH7040-and.a(DI_Fdd.o)
 .debug_frame   0x000026f4       0xc8 .\CortexM0\ARM_GCC_541\Debug\VNH7040-and.a(DI_ATU.o)
 .debug_frame   0x000027bc       0xb0 .\CortexM0\ARM_GCC_541\Debug\VNH7040-and.a(Stat_dir.o)
 .debug_frame   0x0000286c       0xc8 .\CortexM0\ARM_GCC_541\Debug\VNH7040-and.a(IN2_L298.o)
 .debug_frame   0x00002934       0xc8 .\CortexM0\ARM_GCC_541\Debug\VNH7040-and.a(IN1_L298.o)
 .debug_frame   0x000029fc       0x30 .\CortexM0\ARM_GCC_541\Debug\VNH7040-and.a(UART_SPI_UART_INT.o)
 .debug_frame   0x00002a2c       0x20 c:/program files (x86)/cypress/psoc creator/4.4/psoc creator/import/gnu/arm/5.4.1/bin/../lib/gcc/arm-none-eabi/5.4.1/armv6-m\libgcc.a(_udivsi3.o)
 .debug_frame   0x00002a4c       0x20 c:/program files (x86)/cypress/psoc creator/4.4/psoc creator/import/gnu/arm/5.4.1/bin/../lib/gcc/arm-none-eabi/5.4.1/armv6-m\libgcc.a(_divsi3.o)
 .debug_frame   0x00002a6c       0x30 c:/program files (x86)/cypress/psoc creator/4.4/psoc creator/import/gnu/arm/5.4.1/bin/../lib/gcc/arm-none-eabi/5.4.1/armv6-m\libgcc.a(addsf3.o)
 .debug_frame   0x00002a9c       0x3c c:/program files (x86)/cypress/psoc creator/4.4/psoc creator/import/gnu/arm/5.4.1/bin/../lib/gcc/arm-none-eabi/5.4.1/armv6-m\libgcc.a(divsf3.o)
 .debug_frame   0x00002ad8       0x38 c:/program files (x86)/cypress/psoc creator/4.4/psoc creator/import/gnu/arm/5.4.1/bin/../lib/gcc/arm-none-eabi/5.4.1/armv6-m\libgcc.a(mulsf3.o)
 .debug_frame   0x00002b10       0x30 c:/program files (x86)/cypress/psoc creator/4.4/psoc creator/import/gnu/arm/5.4.1/bin/../lib/gcc/arm-none-eabi/5.4.1/armv6-m\libgcc.a(subsf3.o)
 .debug_frame   0x00002b40       0x20 c:/program files (x86)/cypress/psoc creator/4.4/psoc creator/import/gnu/arm/5.4.1/bin/../lib/gcc/arm-none-eabi/5.4.1/armv6-m\libgcc.a(fixsfsi.o)
 .debug_frame   0x00002b60       0x2c c:/program files (x86)/cypress/psoc creator/4.4/psoc creator/import/gnu/arm/5.4.1/bin/../lib/gcc/arm-none-eabi/5.4.1/armv6-m\libgcc.a(floatsisf.o)
 .debug_frame   0x00002b8c       0x3c c:/program files (x86)/cypress/psoc creator/4.4/psoc creator/import/gnu/arm/5.4.1/bin/../lib/gcc/arm-none-eabi/5.4.1/armv6-m\libgcc.a(divdf3.o)
 .debug_frame   0x00002bc8       0x3c c:/program files (x86)/cypress/psoc creator/4.4/psoc creator/import/gnu/arm/5.4.1/bin/../lib/gcc/arm-none-eabi/5.4.1/armv6-m\libgcc.a(muldf3.o)
 .debug_frame   0x00002c04       0x2c c:/program files (x86)/cypress/psoc creator/4.4/psoc creator/import/gnu/arm/5.4.1/bin/../lib/gcc/arm-none-eabi/5.4.1/armv6-m\libgcc.a(extendsfdf2.o)
 .debug_frame   0x00002c30       0x2c c:/program files (x86)/cypress/psoc creator/4.4/psoc creator/import/gnu/arm/5.4.1/bin/../lib/gcc/arm-none-eabi/5.4.1/armv6-m\libgcc.a(truncdfsf2.o)
 .debug_frame   0x00002c5c       0x20 c:/program files (x86)/cypress/psoc creator/4.4/psoc creator/import/gnu/arm/5.4.1/bin/../lib/gcc/arm-none-eabi/5.4.1/../../../../arm-none-eabi/lib/armv6-m\libg_nano.a(lib_a-errno.o)
 .debug_frame   0x00002c7c       0x28 c:/program files (x86)/cypress/psoc creator/4.4/psoc creator/import/gnu/arm/5.4.1/bin/../lib/gcc/arm-none-eabi/5.4.1/../../../../arm-none-eabi/lib/armv6-m\libg_nano.a(lib_a-exit.o)
 .debug_frame   0x00002ca4       0x2c c:/program files (x86)/cypress/psoc creator/4.4/psoc creator/import/gnu/arm/5.4.1/bin/../lib/gcc/arm-none-eabi/5.4.1/../../../../arm-none-eabi/lib/armv6-m\libg_nano.a(lib_a-init.o)
 .debug_frame   0x00002cd0       0x28 c:/program files (x86)/cypress/psoc creator/4.4/psoc creator/import/gnu/arm/5.4.1/bin/../lib/gcc/arm-none-eabi/5.4.1/../../../../arm-none-eabi/lib/armv6-m\libg_nano.a(lib_a-memcpy-stub.o)
 .debug_frame   0x00002cf8       0x20 c:/program files (x86)/cypress/psoc creator/4.4/psoc creator/import/gnu/arm/5.4.1/bin/../lib/gcc/arm-none-eabi/5.4.1/../../../../arm-none-eabi/lib/armv6-m\libg_nano.a(lib_a-memset.o)

.debug_str      0x00000000     0x2682
 *(.debug_str)
 .debug_str     0x00000000      0x372 .\CortexM0\ARM_GCC_541\Debug\main.o
                                0x3cc (size before relaxing)
 .debug_str     0x00000372       0x4c .\CortexM0\ARM_GCC_541\Debug\UART_XG.o
                                0x2d8 (size before relaxing)
 .debug_str     0x000003be       0x78 .\CortexM0\ARM_GCC_541\Debug\State_machine.o
                                0x3fe (size before relaxing)
 .debug_str     0x00000436      0x114 .\CortexM0\ARM_GCC_541\Debug\cyfitter_cfg.o
                                0x2d7 (size before relaxing)
 .debug_str     0x0000054a       0x63 .\CortexM0\ARM_GCC_541\Debug\cymetadata.o
                                0x1d9 (size before relaxing)
 .debug_str     0x000005ad      0x114 .\CortexM0\ARM_GCC_541\Debug\Cm0Start.o
                                0x2df (size before relaxing)
 .debug_str     0x000006c1       0xa2 .\CortexM0\ARM_GCC_541\Debug\VNH7040-and.a(LED.o)
                                0x239 (size before relaxing)
 .debug_str     0x00000763      0x4b7 .\CortexM0\ARM_GCC_541\Debug\VNH7040-and.a(CyLib.o)
                                0x68c (size before relaxing)
 .debug_str     0x00000c1a      0x52b .\CortexM0\ARM_GCC_541\Debug\VNH7040-and.a(CyLFClk.o)
                                0x710 (size before relaxing)
 .debug_str     0x00001145      0x137 .\CortexM0\ARM_GCC_541\Debug\VNH7040-and.a(UART.o)
                                0x2e2 (size before relaxing)
 .debug_str     0x0000127c      0x1cf .\CortexM0\ARM_GCC_541\Debug\VNH7040-and.a(UART_SPI_UART.o)
                                0x379 (size before relaxing)
 .debug_str     0x0000144b      0x143 .\CortexM0\ARM_GCC_541\Debug\VNH7040-and.a(UART_UART.o)
                                0x366 (size before relaxing)
 .debug_str     0x0000158e      0x1be .\CortexM0\ARM_GCC_541\Debug\VNH7040-and.a(QuadDec.o)
                                0x362 (size before relaxing)
 .debug_str     0x0000174c      0x383 .\CortexM0\ARM_GCC_541\Debug\VNH7040-and.a(PWM.o)
                                0x541 (size before relaxing)
 .debug_str     0x00001acf      0x327 .\CortexM0\ARM_GCC_541\Debug\VNH7040-and.a(Speed.o)
                                0x595 (size before relaxing)
 .debug_str     0x00001df6       0xc9 .\CortexM0\ARM_GCC_541\Debug\VNH7040-and.a(Clock_2.o)
                                0x25a (size before relaxing)
 .debug_str     0x00001ebf      0x2fd .\CortexM0\ARM_GCC_541\Debug\VNH7040-and.a(FECH.o)
                                0x56b (size before relaxing)
 .debug_str     0x000021bc      0x11f .\CortexM0\ARM_GCC_541\Debug\VNH7040-and.a(isr_fech.o)
                                0x2f8 (size before relaxing)
 .debug_str     0x000022db       0x8e .\CortexM0\ARM_GCC_541\Debug\VNH7040-and.a(DI_Fdg.o)
                                0x24e (size before relaxing)
 .debug_str     0x00002369       0x8e .\CortexM0\ARM_GCC_541\Debug\VNH7040-and.a(DI_Fdd.o)
                                0x24e (size before relaxing)
 .debug_str     0x000023f7       0x8e .\CortexM0\ARM_GCC_541\Debug\VNH7040-and.a(DI_ATU.o)
                                0x24e (size before relaxing)
 .debug_str     0x00002485       0x88 .\CortexM0\ARM_GCC_541\Debug\VNH7040-and.a(Stat_dir.o)
                                0x233 (size before relaxing)
 .debug_str     0x0000250d       0x9c .\CortexM0\ARM_GCC_541\Debug\VNH7040-and.a(IN2_L298.o)
                                0x25c (size before relaxing)
 .debug_str     0x000025a9       0x9c .\CortexM0\ARM_GCC_541\Debug\VNH7040-and.a(IN1_L298.o)
                                0x25c (size before relaxing)
 .debug_str     0x00002645       0x3d .\CortexM0\ARM_GCC_541\Debug\VNH7040-and.a(UART_SPI_UART_INT.o)
                                0x29a (size before relaxing)

.debug_loc
 *(.debug_loc)

.debug_macinfo
 *(.debug_macinfo)

.debug_ranges   0x00000000      0xb18
 *(.debug_ranges)
 .debug_ranges  0x00000000       0x20 .\CortexM0\ARM_GCC_541\Debug\main.o
 .debug_ranges  0x00000020       0x18 .\CortexM0\ARM_GCC_541\Debug\UART_XG.o
 .debug_ranges  0x00000038       0x38 .\CortexM0\ARM_GCC_541\Debug\State_machine.o
 .debug_ranges  0x00000070       0x40 .\CortexM0\ARM_GCC_541\Debug\cyfitter_cfg.o
 .debug_ranges  0x000000b0       0x38 .\CortexM0\ARM_GCC_541\Debug\Cm0Start.o
 .debug_ranges  0x000000e8       0x38 .\CortexM0\ARM_GCC_541\Debug\VNH7040-and.a(LED.o)
 .debug_ranges  0x00000120      0x170 .\CortexM0\ARM_GCC_541\Debug\VNH7040-and.a(CyLib.o)
 .debug_ranges  0x00000290      0x128 .\CortexM0\ARM_GCC_541\Debug\VNH7040-and.a(CyLFClk.o)
 .debug_ranges  0x000003b8       0x60 .\CortexM0\ARM_GCC_541\Debug\VNH7040-and.a(UART.o)
 .debug_ranges  0x00000418       0x50 .\CortexM0\ARM_GCC_541\Debug\VNH7040-and.a(UART_SPI_UART.o)
 .debug_ranges  0x00000468       0x58 .\CortexM0\ARM_GCC_541\Debug\VNH7040-and.a(UART_UART.o)
 .debug_ranges  0x000004c0       0x88 .\CortexM0\ARM_GCC_541\Debug\VNH7040-and.a(QuadDec.o)
 .debug_ranges  0x00000548      0x148 .\CortexM0\ARM_GCC_541\Debug\VNH7040-and.a(PWM.o)
 .debug_ranges  0x00000690      0x148 .\CortexM0\ARM_GCC_541\Debug\VNH7040-and.a(Speed.o)
 .debug_ranges  0x000007d8       0x30 .\CortexM0\ARM_GCC_541\Debug\VNH7040-and.a(Clock_2.o)
 .debug_ranges  0x00000808      0x148 .\CortexM0\ARM_GCC_541\Debug\VNH7040-and.a(FECH.o)
 .debug_ranges  0x00000950       0x70 .\CortexM0\ARM_GCC_541\Debug\VNH7040-and.a(isr_fech.o)
 .debug_ranges  0x000009c0       0x38 .\CortexM0\ARM_GCC_541\Debug\VNH7040-and.a(DI_Fdg.o)
 .debug_ranges  0x000009f8       0x38 .\CortexM0\ARM_GCC_541\Debug\VNH7040-and.a(DI_Fdd.o)
 .debug_ranges  0x00000a30       0x38 .\CortexM0\ARM_GCC_541\Debug\VNH7040-and.a(DI_ATU.o)
 .debug_ranges  0x00000a68       0x30 .\CortexM0\ARM_GCC_541\Debug\VNH7040-and.a(Stat_dir.o)
 .debug_ranges  0x00000a98       0x38 .\CortexM0\ARM_GCC_541\Debug\VNH7040-and.a(IN2_L298.o)
 .debug_ranges  0x00000ad0       0x38 .\CortexM0\ARM_GCC_541\Debug\VNH7040-and.a(IN1_L298.o)
 .debug_ranges  0x00000b08       0x10 .\CortexM0\ARM_GCC_541\Debug\VNH7040-and.a(UART_SPI_UART_INT.o)

.comment        0x00000000       0x6e
 .comment       0x00000000       0x6e .\CortexM0\ARM_GCC_541\Debug\main.o
                                 0x6f (size before relaxing)
 .comment       0x0000006e       0x6f .\CortexM0\ARM_GCC_541\Debug\UART_XG.o
 .comment       0x0000006e       0x6f .\CortexM0\ARM_GCC_541\Debug\State_machine.o
 .comment       0x0000006e       0x6f .\CortexM0\ARM_GCC_541\Debug\cyfitter_cfg.o
 .comment       0x0000006e       0x6f .\CortexM0\ARM_GCC_541\Debug\cymetadata.o
 .comment       0x0000006e       0x6f .\CortexM0\ARM_GCC_541\Debug\Cm0Start.o
 .comment       0x0000006e       0x6f .\CortexM0\ARM_GCC_541\Debug\VNH7040-and.a(LED.o)
 .comment       0x0000006e       0x6f .\CortexM0\ARM_GCC_541\Debug\VNH7040-and.a(CyLib.o)
 .comment       0x0000006e       0x6f .\CortexM0\ARM_GCC_541\Debug\VNH7040-and.a(CyLFClk.o)
 .comment       0x0000006e       0x6f .\CortexM0\ARM_GCC_541\Debug\VNH7040-and.a(UART.o)
 .comment       0x0000006e       0x6f .\CortexM0\ARM_GCC_541\Debug\VNH7040-and.a(UART_SPI_UART.o)
 .comment       0x0000006e       0x6f .\CortexM0\ARM_GCC_541\Debug\VNH7040-and.a(UART_UART.o)
 .comment       0x0000006e       0x6f .\CortexM0\ARM_GCC_541\Debug\VNH7040-and.a(QuadDec.o)
 .comment       0x0000006e       0x6f .\CortexM0\ARM_GCC_541\Debug\VNH7040-and.a(PWM.o)
 .comment       0x0000006e       0x6f .\CortexM0\ARM_GCC_541\Debug\VNH7040-and.a(Speed.o)
 .comment       0x0000006e       0x6f .\CortexM0\ARM_GCC_541\Debug\VNH7040-and.a(Clock_2.o)
 .comment       0x0000006e       0x6f .\CortexM0\ARM_GCC_541\Debug\VNH7040-and.a(FECH.o)
 .comment       0x0000006e       0x6f .\CortexM0\ARM_GCC_541\Debug\VNH7040-and.a(isr_fech.o)
 .comment       0x0000006e       0x6f .\CortexM0\ARM_GCC_541\Debug\VNH7040-and.a(DI_Fdg.o)
 .comment       0x0000006e       0x6f .\CortexM0\ARM_GCC_541\Debug\VNH7040-and.a(DI_Fdd.o)
 .comment       0x0000006e       0x6f .\CortexM0\ARM_GCC_541\Debug\VNH7040-and.a(DI_ATU.o)
 .comment       0x0000006e       0x6f .\CortexM0\ARM_GCC_541\Debug\VNH7040-and.a(Stat_dir.o)
 .comment       0x0000006e       0x6f .\CortexM0\ARM_GCC_541\Debug\VNH7040-and.a(IN2_L298.o)
 .comment       0x0000006e       0x6f .\CortexM0\ARM_GCC_541\Debug\VNH7040-and.a(IN1_L298.o)
 .comment       0x0000006e       0x6f .\CortexM0\ARM_GCC_541\Debug\VNH7040-and.a(UART_SPI_UART_INT.o)

.debug_weaknames
 *(.debug_weaknames)

.debug_funcnames
 *(.debug_funcnames)

.debug_typenames
 *(.debug_typenames)

.debug_varnames
 *(.debug_varnames)

.note.gnu.arm.ident
 *(.note.gnu.arm.ident)

.ARM.attributes
                0x00000000       0x28
 *(.ARM.attributes)
 .ARM.attributes
                0x00000000       0x1e c:/program files (x86)/cypress/psoc creator/4.4/psoc creator/import/gnu/arm/5.4.1/bin/../lib/gcc/arm-none-eabi/5.4.1/armv6-m/crti.o
 .ARM.attributes
                0x0000001e       0x2c c:/program files (x86)/cypress/psoc creator/4.4/psoc creator/import/gnu/arm/5.4.1/bin/../lib/gcc/arm-none-eabi/5.4.1/armv6-m/crtbegin.o
 .ARM.attributes
                0x0000004a       0x1b c:/program files (x86)/cypress/psoc creator/4.4/psoc creator/import/gnu/arm/5.4.1/bin/../lib/gcc/arm-none-eabi/5.4.1/../../../../arm-none-eabi/lib/armv6-m/crt0.o
 .ARM.attributes
                0x00000065       0x31 .\CortexM0\ARM_GCC_541\Debug\main.o
 .ARM.attributes
                0x00000096       0x31 .\CortexM0\ARM_GCC_541\Debug\UART_XG.o
 .ARM.attributes
                0x000000c7       0x31 .\CortexM0\ARM_GCC_541\Debug\State_machine.o
 .ARM.attributes
                0x000000f8       0x31 .\CortexM0\ARM_GCC_541\Debug\cyfitter_cfg.o
 .ARM.attributes
                0x00000129       0x31 .\CortexM0\ARM_GCC_541\Debug\cymetadata.o
 .ARM.attributes
                0x0000015a       0x31 .\CortexM0\ARM_GCC_541\Debug\Cm0Start.o
 .ARM.attributes
                0x0000018b       0x31 .\CortexM0\ARM_GCC_541\Debug\VNH7040-and.a(LED.o)
 .ARM.attributes
                0x000001bc       0x31 .\CortexM0\ARM_GCC_541\Debug\VNH7040-and.a(CyLib.o)
 .ARM.attributes
                0x000001ed       0x31 .\CortexM0\ARM_GCC_541\Debug\VNH7040-and.a(CyLFClk.o)
 .ARM.attributes
                0x0000021e       0x31 .\CortexM0\ARM_GCC_541\Debug\VNH7040-and.a(UART.o)
 .ARM.attributes
                0x0000024f       0x31 .\CortexM0\ARM_GCC_541\Debug\VNH7040-and.a(UART_SPI_UART.o)
 .ARM.attributes
                0x00000280       0x31 .\CortexM0\ARM_GCC_541\Debug\VNH7040-and.a(UART_UART.o)
 .ARM.attributes
                0x000002b1       0x31 .\CortexM0\ARM_GCC_541\Debug\VNH7040-and.a(QuadDec.o)
 .ARM.attributes
                0x000002e2       0x31 .\CortexM0\ARM_GCC_541\Debug\VNH7040-and.a(PWM.o)
 .ARM.attributes
                0x00000313       0x31 .\CortexM0\ARM_GCC_541\Debug\VNH7040-and.a(Speed.o)
 .ARM.attributes
                0x00000344       0x31 .\CortexM0\ARM_GCC_541\Debug\VNH7040-and.a(Clock_2.o)
 .ARM.attributes
                0x00000375       0x31 .\CortexM0\ARM_GCC_541\Debug\VNH7040-and.a(FECH.o)
 .ARM.attributes
                0x000003a6       0x31 .\CortexM0\ARM_GCC_541\Debug\VNH7040-and.a(isr_fech.o)
 .ARM.attributes
                0x000003d7       0x31 .\CortexM0\ARM_GCC_541\Debug\VNH7040-and.a(DI_Fdg.o)
 .ARM.attributes
                0x00000408       0x31 .\CortexM0\ARM_GCC_541\Debug\VNH7040-and.a(DI_Fdd.o)
 .ARM.attributes
                0x00000439       0x31 .\CortexM0\ARM_GCC_541\Debug\VNH7040-and.a(DI_ATU.o)
 .ARM.attributes
                0x0000046a       0x31 .\CortexM0\ARM_GCC_541\Debug\VNH7040-and.a(Stat_dir.o)
 .ARM.attributes
                0x0000049b       0x31 .\CortexM0\ARM_GCC_541\Debug\VNH7040-and.a(IN2_L298.o)
 .ARM.attributes
                0x000004cc       0x31 .\CortexM0\ARM_GCC_541\Debug\VNH7040-and.a(IN1_L298.o)
 .ARM.attributes
                0x000004fd       0x21 .\CortexM0\ARM_GCC_541\Debug\VNH7040-and.a(CyBootAsmGnu.o)
 .ARM.attributes
                0x0000051e       0x31 .\CortexM0\ARM_GCC_541\Debug\VNH7040-and.a(UART_SPI_UART_INT.o)
 .ARM.attributes
                0x0000054f       0x1e c:/program files (x86)/cypress/psoc creator/4.4/psoc creator/import/gnu/arm/5.4.1/bin/../lib/gcc/arm-none-eabi/5.4.1/armv6-m\libgcc.a(_udivsi3.o)
 .ARM.attributes
                0x0000056d       0x1e c:/program files (x86)/cypress/psoc creator/4.4/psoc creator/import/gnu/arm/5.4.1/bin/../lib/gcc/arm-none-eabi/5.4.1/armv6-m\libgcc.a(_divsi3.o)
 .ARM.attributes
                0x0000058b       0x1e c:/program files (x86)/cypress/psoc creator/4.4/psoc creator/import/gnu/arm/5.4.1/bin/../lib/gcc/arm-none-eabi/5.4.1/armv6-m\libgcc.a(_dvmd_tls.o)
 .ARM.attributes
                0x000005a9       0x2c c:/program files (x86)/cypress/psoc creator/4.4/psoc creator/import/gnu/arm/5.4.1/bin/../lib/gcc/arm-none-eabi/5.4.1/armv6-m\libgcc.a(addsf3.o)
 .ARM.attributes
                0x000005d5       0x2c c:/program files (x86)/cypress/psoc creator/4.4/psoc creator/import/gnu/arm/5.4.1/bin/../lib/gcc/arm-none-eabi/5.4.1/armv6-m\libgcc.a(divsf3.o)
 .ARM.attributes
                0x00000601       0x2c c:/program files (x86)/cypress/psoc creator/4.4/psoc creator/import/gnu/arm/5.4.1/bin/../lib/gcc/arm-none-eabi/5.4.1/armv6-m\libgcc.a(mulsf3.o)
 .ARM.attributes
                0x0000062d       0x2c c:/program files (x86)/cypress/psoc creator/4.4/psoc creator/import/gnu/arm/5.4.1/bin/../lib/gcc/arm-none-eabi/5.4.1/armv6-m\libgcc.a(subsf3.o)
 .ARM.attributes
                0x00000659       0x2c c:/program files (x86)/cypress/psoc creator/4.4/psoc creator/import/gnu/arm/5.4.1/bin/../lib/gcc/arm-none-eabi/5.4.1/armv6-m\libgcc.a(fixsfsi.o)
 .ARM.attributes
                0x00000685       0x2c c:/program files (x86)/cypress/psoc creator/4.4/psoc creator/import/gnu/arm/5.4.1/bin/../lib/gcc/arm-none-eabi/5.4.1/armv6-m\libgcc.a(floatsisf.o)
 .ARM.attributes
                0x000006b1       0x2c c:/program files (x86)/cypress/psoc creator/4.4/psoc creator/import/gnu/arm/5.4.1/bin/../lib/gcc/arm-none-eabi/5.4.1/armv6-m\libgcc.a(divdf3.o)
 .ARM.attributes
                0x000006dd       0x2c c:/program files (x86)/cypress/psoc creator/4.4/psoc creator/import/gnu/arm/5.4.1/bin/../lib/gcc/arm-none-eabi/5.4.1/armv6-m\libgcc.a(muldf3.o)
 .ARM.attributes
                0x00000709       0x2c c:/program files (x86)/cypress/psoc creator/4.4/psoc creator/import/gnu/arm/5.4.1/bin/../lib/gcc/arm-none-eabi/5.4.1/armv6-m\libgcc.a(extendsfdf2.o)
 .ARM.attributes
                0x00000735       0x2c c:/program files (x86)/cypress/psoc creator/4.4/psoc creator/import/gnu/arm/5.4.1/bin/../lib/gcc/arm-none-eabi/5.4.1/armv6-m\libgcc.a(truncdfsf2.o)
 .ARM.attributes
                0x00000761       0x1e c:/program files (x86)/cypress/psoc creator/4.4/psoc creator/import/gnu/arm/5.4.1/bin/../lib/gcc/arm-none-eabi/5.4.1/armv6-m\libgcc.a(_clzsi2.o)
 .ARM.attributes
                0x0000077f       0x2c c:/program files (x86)/cypress/psoc creator/4.4/psoc creator/import/gnu/arm/5.4.1/bin/../lib/gcc/arm-none-eabi/5.4.1/../../../../arm-none-eabi/lib/armv6-m\libg_nano.a(lib_a-errno.o)
 .ARM.attributes
                0x000007ab       0x2c c:/program files (x86)/cypress/psoc creator/4.4/psoc creator/import/gnu/arm/5.4.1/bin/../lib/gcc/arm-none-eabi/5.4.1/../../../../arm-none-eabi/lib/armv6-m\libg_nano.a(lib_a-exit.o)
 .ARM.attributes
                0x000007d7       0x2c c:/program files (x86)/cypress/psoc creator/4.4/psoc creator/import/gnu/arm/5.4.1/bin/../lib/gcc/arm-none-eabi/5.4.1/../../../../arm-none-eabi/lib/armv6-m\libg_nano.a(lib_a-impure.o)
 .ARM.attributes
                0x00000803       0x2c c:/program files (x86)/cypress/psoc creator/4.4/psoc creator/import/gnu/arm/5.4.1/bin/../lib/gcc/arm-none-eabi/5.4.1/../../../../arm-none-eabi/lib/armv6-m\libg_nano.a(lib_a-init.o)
 .ARM.attributes
                0x0000082f       0x2c c:/program files (x86)/cypress/psoc creator/4.4/psoc creator/import/gnu/arm/5.4.1/bin/../lib/gcc/arm-none-eabi/5.4.1/../../../../arm-none-eabi/lib/armv6-m\libg_nano.a(lib_a-memcpy-stub.o)
 .ARM.attributes
                0x0000085b       0x2c c:/program files (x86)/cypress/psoc creator/4.4/psoc creator/import/gnu/arm/5.4.1/bin/../lib/gcc/arm-none-eabi/5.4.1/../../../../arm-none-eabi/lib/armv6-m\libg_nano.a(lib_a-memset.o)
 .ARM.attributes
                0x00000887       0x2c c:/program files (x86)/cypress/psoc creator/4.4/psoc creator/import/gnu/arm/5.4.1/bin/../lib/gcc/arm-none-eabi/5.4.1/armv6-m/crtend.o
 .ARM.attributes
                0x000008b3       0x1e c:/program files (x86)/cypress/psoc creator/4.4/psoc creator/import/gnu/arm/5.4.1/bin/../lib/gcc/arm-none-eabi/5.4.1/armv6-m/crtn.o

/DISCARD/
 *(.note.GNU-stack)
OUTPUT(C:\Users\Laurent\Documents\PSoC Creator\4.4\VHN7040AY\Labo_Autom\VNH7040-and.cydsn\CortexM0\ARM_GCC_541\Debug\VNH7040-and.elf elf32-littlearm)
